Archive member included to satisfy reference by file (symbol)

/Applications/microchip/xc32/v4.10/bin/bin/../../lib/gcc/pic32mx/8.3.1/../../../../pic32mx/lib/libpic32.a(default-bootstrap-exception-handler.o)
                              /var/folders/1q/tx15ysxx7y1_nbrmck3gz9_80000gn/T//ccIGAYVS.o (_bootstrap_exception_handler)
/Applications/microchip/xc32/v4.10/bin/bin/../../lib/gcc/pic32mx/8.3.1/../../../../pic32mx/lib/libpic32.a(default-on-reset.o)
                              /var/folders/1q/tx15ysxx7y1_nbrmck3gz9_80000gn/T//ccIGAYVS.o (_on_reset)
/Applications/microchip/xc32/v4.10/bin/bin/../../lib/gcc/pic32mx/8.3.1/../../../../pic32mx/lib/libpic32.a(default-on-bootstrap.o)
                              /var/folders/1q/tx15ysxx7y1_nbrmck3gz9_80000gn/T//ccIGAYVS.o (_on_bootstrap)
/Applications/microchip/xc32/v4.10/bin/bin/../../lib/gcc/pic32mx/8.3.1/../../../../pic32mx/lib/libpic32.a(default-nmi-handler.o)
                              /var/folders/1q/tx15ysxx7y1_nbrmck3gz9_80000gn/T//ccIGAYVS.o (_nmi_handler)
/Applications/microchip/xc32/v4.10/bin/bin/../../lib/gcc/pic32mx/8.3.1/../../../../pic32mx/lib/libpic32.a(xc32_uart.o)
                              build/default/production/BOARD.o (__XC_UART)
/Applications/microchip/xc32/v4.10/bin/bin/../../lib/gcc/pic32mx/8.3.1/../../../../pic32mx/lib/libpic32.a(pic32_data_init.o)
                              /var/folders/1q/tx15ysxx7y1_nbrmck3gz9_80000gn/T//ccIGAYVS.o (__pic32_data_init)
/Applications/microchip/xc32/v4.10/bin/bin/../../lib/gcc/pic32mx/8.3.1/../../../../pic32mx/lib/libpic32.a(general-exception.o)
                              /var/folders/1q/tx15ysxx7y1_nbrmck3gz9_80000gn/T//ccIGAYVS.o (_general_exception_context)
/Applications/microchip/xc32/v4.10/bin/bin/../../lib/gcc/pic32mx/8.3.1/../../../../pic32mx/lib/libpic32.a(vector0.o)
                              /var/folders/1q/tx15ysxx7y1_nbrmck3gz9_80000gn/T//ccnk9fJE.o (__vector_dispatch_0)
/Applications/microchip/xc32/v4.10/bin/bin/../../lib/gcc/pic32mx/8.3.1/../../../../pic32mx/lib/libpic32.a(vector1.o)
                              /var/folders/1q/tx15ysxx7y1_nbrmck3gz9_80000gn/T//ccnk9fJE.o (__vector_dispatch_1)
/Applications/microchip/xc32/v4.10/bin/bin/../../lib/gcc/pic32mx/8.3.1/../../../../pic32mx/lib/libpic32.a(vector2.o)
                              /var/folders/1q/tx15ysxx7y1_nbrmck3gz9_80000gn/T//ccnk9fJE.o (__vector_dispatch_2)
/Applications/microchip/xc32/v4.10/bin/bin/../../lib/gcc/pic32mx/8.3.1/../../../../pic32mx/lib/libpic32.a(vector3.o)
                              /var/folders/1q/tx15ysxx7y1_nbrmck3gz9_80000gn/T//ccnk9fJE.o (__vector_dispatch_3)
/Applications/microchip/xc32/v4.10/bin/bin/../../lib/gcc/pic32mx/8.3.1/../../../../pic32mx/lib/libpic32.a(vector4.o)
                              /var/folders/1q/tx15ysxx7y1_nbrmck3gz9_80000gn/T//ccnk9fJE.o (__vector_dispatch_4)
/Applications/microchip/xc32/v4.10/bin/bin/../../lib/gcc/pic32mx/8.3.1/../../../../pic32mx/lib/libpic32.a(vector5.o)
                              /var/folders/1q/tx15ysxx7y1_nbrmck3gz9_80000gn/T//ccnk9fJE.o (__vector_dispatch_5)
/Applications/microchip/xc32/v4.10/bin/bin/../../lib/gcc/pic32mx/8.3.1/../../../../pic32mx/lib/libpic32.a(vector6.o)
                              /var/folders/1q/tx15ysxx7y1_nbrmck3gz9_80000gn/T//ccnk9fJE.o (__vector_dispatch_6)
/Applications/microchip/xc32/v4.10/bin/bin/../../lib/gcc/pic32mx/8.3.1/../../../../pic32mx/lib/libpic32.a(vector7.o)
                              /var/folders/1q/tx15ysxx7y1_nbrmck3gz9_80000gn/T//ccnk9fJE.o (__vector_dispatch_7)
/Applications/microchip/xc32/v4.10/bin/bin/../../lib/gcc/pic32mx/8.3.1/../../../../pic32mx/lib/libpic32.a(vector8.o)
                              /var/folders/1q/tx15ysxx7y1_nbrmck3gz9_80000gn/T//ccnk9fJE.o (__vector_dispatch_8)
/Applications/microchip/xc32/v4.10/bin/bin/../../lib/gcc/pic32mx/8.3.1/../../../../pic32mx/lib/libpic32.a(vector9.o)
                              /var/folders/1q/tx15ysxx7y1_nbrmck3gz9_80000gn/T//ccnk9fJE.o (__vector_dispatch_9)
/Applications/microchip/xc32/v4.10/bin/bin/../../lib/gcc/pic32mx/8.3.1/../../../../pic32mx/lib/libpic32.a(vector10.o)
                              /var/folders/1q/tx15ysxx7y1_nbrmck3gz9_80000gn/T//ccnk9fJE.o (__vector_dispatch_10)
/Applications/microchip/xc32/v4.10/bin/bin/../../lib/gcc/pic32mx/8.3.1/../../../../pic32mx/lib/libpic32.a(vector11.o)
                              /var/folders/1q/tx15ysxx7y1_nbrmck3gz9_80000gn/T//ccnk9fJE.o (__vector_dispatch_11)
/Applications/microchip/xc32/v4.10/bin/bin/../../lib/gcc/pic32mx/8.3.1/../../../../pic32mx/lib/libpic32.a(vector12.o)
                              /var/folders/1q/tx15ysxx7y1_nbrmck3gz9_80000gn/T//ccnk9fJE.o (__vector_dispatch_12)
/Applications/microchip/xc32/v4.10/bin/bin/../../lib/gcc/pic32mx/8.3.1/../../../../pic32mx/lib/libpic32.a(vector13.o)
                              /var/folders/1q/tx15ysxx7y1_nbrmck3gz9_80000gn/T//ccnk9fJE.o (__vector_dispatch_13)
[...]
Memory Configuration

Name             Origin             Length             Attributes
kseg0_program_mem 0x000000009d000000 0x0000000000080000 xr
kseg0_boot_mem   0x000000009fc00490 0x0000000000000970
exception_mem    0x000000009fc01000 0x0000000000001000
kseg1_boot_mem   0x00000000bfc00000 0x0000000000000490
debug_exec_mem   0x00000000bfc02000 0x0000000000000ff0
config3          0x00000000bfc02ff0 0x0000000000000004
config2          0x00000000bfc02ff4 0x0000000000000004
config1          0x00000000bfc02ff8 0x0000000000000004
config0          0x00000000bfc02ffc 0x0000000000000004
kseg1_data_mem   0x00000000a0000000 0x0000000000008000 w !x
sfrs             0x00000000bf800000 0x0000000000100000
configsfrs       0x00000000bfc02ff0 0x0000000000000010
*default*        0x0000000000000000 0xffffffffffffffff

Linker script and memory map

LOAD /Applications/microchip/xc32/v4.10/bin/bin/../../lib/gcc/pic32mx/8.3.1/../../../../pic32mx/lib/debug-exception-return.o
LOAD build/default/production/BOARD.o
LOAD build/default/production/part2.o
                0x0000000000000001                __MPLAB_BUILD = 0x1
                0x0000000000000400                _min_heap_size = 0x400
LOAD /var/folders/1q/tx15ysxx7y1_nbrmck3gz9_80000gn/T//ccIGAYVS.o
LOAD /var/folders/1q/tx15ysxx7y1_nbrmck3gz9_80000gn/T//cckJ828p.o
LOAD /var/folders/1q/tx15ysxx7y1_nbrmck3gz9_80000gn/T//ccnk9fJE.o
LOAD /Applications/microchip/xc32/v4.10/bin/bin/../../lib/gcc/pic32mx/8.3.1/../../../../pic32mx/lib/pic32_software_reset.o
LOAD /Applications/microchip/xc32/v4.10/bin/bin/../../lib/gcc/pic32mx/8.3.1/libgcc.a
START GROUP
LOAD /Applications/microchip/xc32/v4.10/bin/bin/../../lib/gcc/pic32mx/8.3.1/../../../../pic32mx/lib/libpic32.a
LOAD /Applications/microchip/xc32/v4.10/bin/bin/../../lib/gcc/pic32mx/8.3.1/../../../../pic32mx/lib/libdebug.a
LOAD /Applications/microchip/xc32/v4.10/bin/bin/../../lib/gcc/pic32mx/8.3.1/../../../../pic32mx/lib/libc-musl.a
LOAD /Applications/microchip/xc32/v4.10/bin/bin/../../lib/gcc/pic32mx/8.3.1/../../../../pic32mx/lib/libm.a
LOAD /Applications/microchip/xc32/v4.10/bin/bin/../../lib/gcc/pic32mx/8.3.1/../../../../pic32mx/lib/libe.a
LOAD /Applications/microchip/xc32/v4.10/bin/bin/../../lib/gcc/pic32mx/8.3.1/../../../../pic32mx/lib/libm-musl.a
LOAD /Applications/microchip/xc32/v4.10/bin/bin/../../lib/gcc/pic32mx/8.3.1/../../../../pic32mx/lib/libdsp.a
LOAD /Applications/microchip/xc32/v4.10/bin/bin/../../lib/gcc/pic32mx/8.3.1/libgcc.a
END GROUP
LOAD /Applications/microchip/xc32/v4.10/bin/bin/../../lib/gcc/pic32mx/8.3.1/libgcc.a
                0x0000000000000400                PROVIDE (_min_stack_size = 0x400)
START GROUP
LOAD libmchp_peripheral.a
END GROUP
START GROUP
LOAD libmchp_peripheral_32MX340F512H.a
END GROUP
                0x0000000000000001                PROVIDE (_vector_spacing = 0x1)
                0x000000009fc01000                PROVIDE (_ebase_address = 0x9fc01000)
                0x00000000bfc00000                _RESET_ADDR = 0xbfc00000
                0x00000000bfc00380                _BEV_EXCPT_ADDR = 0xbfc00380
                0x00000000bfc00480                _DBG_EXCPT_ADDR = 0xbfc00480
                0x00000000bfc02000                _DBG_CODE_ADDR = 0xbfc02000
                0x0000000000000ff0                _DBG_CODE_SIZE = 0xff0
                0x000000009fc01180                _GEN_EXCPT_ADDR = (_ebase_address + 0x180)

.config_BFC02FF0
 *(.config_BFC02FF0)

.config_BFC02FF4
                0x00000000bfc02ff4        0x4
 *(.config_BFC02FF4)
 .config_BFC02FF4
                0x00000000bfc02ff4        0x4 build/default/production/BOARD.o
                0x00000000bfc02ff4                __config_BFC02FF4

.config_BFC02FF8
                0x00000000bfc02ff8        0x4
 *(.config_BFC02FF8)
 .config_BFC02FF8
                0x00000000bfc02ff8        0x4 build/default/production/BOARD.o
                0x00000000bfc02ff8                __config_BFC02FF8

.config_BFC02FFC
                0x00000000bfc02ffc        0x4
 *(.config_BFC02FFC)
 .config_BFC02FFC
                0x00000000bfc02ffc        0x4 build/default/production/BOARD.o
                0x00000000bfc02ffc                __config_BFC02FFC

.reset          0x00000000bfc00000      0x19c
 *(.reset)
 .reset         0x00000000bfc00000        0x8 /var/folders/1q/tx15ysxx7y1_nbrmck3gz9_80000gn/T//ccIGAYVS.o
                0x00000000bfc00000                _reset
 *(.reset.startup)
 .reset.startup
                0x00000000bfc00008      0x194 /var/folders/1q/tx15ysxx7y1_nbrmck3gz9_80000gn/T//ccIGAYVS.o
                0x00000000bfc00008                _startup

.bev_excpt      0x00000000bfc00380       0x10
 *(.bev_handler)
 .bev_handler   0x00000000bfc00380       0x10 /var/folders/1q/tx15ysxx7y1_nbrmck3gz9_80000gn/T//ccIGAYVS.o

.dbg_excpt      0x00000000bfc00480        0x0
                0x00000000bfc00480                . = (. + DEFINED (_DEBUGGER)?0x8:0x0)

.dbg_code       0x00000000bfc02000        0x0
                0x00000000bfc02000                . = (. + DEFINED (_DEBUGGER)?_DBG_CODE_SIZE:0x0)

.app_excpt      0x000000009fc01180       0x10
 *(.gen_handler)
 .gen_handler   0x000000009fc01180       0x10 /var/folders/1q/tx15ysxx7y1_nbrmck3gz9_80000gn/T//ccIGAYVS.o

.vector_0       0x000000009fc01200        0x8
 *(.vector_0)
 .vector_0      0x000000009fc01200        0x8 /Applications/microchip/xc32/v4.10/bin/bin/../../lib/gcc/pic32mx/8.3.1/../../../../pic32mx/lib/libpic32.a(vector0.o)
                0x000000009fc01200                __vector_dispatch_0
                0x0000000000000001                ASSERT (((_vector_spacing == 0x0) || (SIZEOF (.vector_0) <= (_vector_spacing << 0x5))), function at exception vector 0 too large)

.vector_1       0x000000009fc01220        0x8
 *(.vector_1)
 .vector_1      0x000000009fc01220        0x8 /Applications/microchip/xc32/v4.10/bin/bin/../../lib/gcc/pic32mx/8.3.1/../../../../pic32mx/lib/libpic32.a(vector1.o)
                0x000000009fc01220                __vector_dispatch_1
                0x0000000000000001                ASSERT (((_vector_spacing == 0x0) || (SIZEOF (.vector_1) <= (_vector_spacing << 0x5))), function at exception vector 1 too large)

.vector_2       0x000000009fc01240        0x8
 *(.vector_2)
 .vector_2      0x000000009fc01240        0x8 /Applications/microchip/xc32/v4.10/bin/bin/../../lib/gcc/pic32mx/8.3.1/../../../../pic32mx/lib/libpic32.a(vector2.o)
                0x000000009fc01240                __vector_dispatch_2
                0x0000000000000001                ASSERT (((_vector_spacing == 0x0) || (SIZEOF (.vector_2) <= (_vector_spacing << 0x5))), function at exception vector 2 too large)

.vector_3       0x000000009fc01260        0x8
 *(.vector_3)
 .vector_3      0x000000009fc01260        0x8 /Applications/microchip/xc32/v4.10/bin/bin/../../lib/gcc/pic32mx/8.3.1/../../../../pic32mx/lib/libpic32.a(vector3.o)
                0x000000009fc01260                __vector_dispatch_3
                0x0000000000000001                ASSERT (((_vector_spacing == 0x0) || (SIZEOF (.vector_3) <= (_vector_spacing << 0x5))), function at exception vector 3 too large)

.vector_4       0x000000009fc01280        0x8
 *(.vector_4)
 .vector_4      0x000000009fc01280        0x8 /Applications/microchip/xc32/v4.10/bin/bin/../../lib/gcc/pic32mx/8.3.1/../../../../pic32mx/lib/libpic32.a(vector4.o)
                0x000000009fc01280                __vector_dispatch_4
                0x0000000000000001                ASSERT (((_vector_spacing == 0x0) || (SIZEOF (.vector_4) <= (_vector_spacing << 0x5))), function at exception vector 4 too large)

.vector_5       0x000000009fc012a0        0x8
 *(.vector_5)
 .vector_5      0x000000009fc012a0        0x8 /Applications/microchip/xc32/v4.10/bin/bin/../../lib/gcc/pic32mx/8.3.1/../../../../pic32mx/lib/libpic32.a(vector5.o)
                0x000000009fc012a0                __vector_dispatch_5
                0x0000000000000001                ASSERT (((_vector_spacing == 0x0) || (SIZEOF (.vector_5) <= (_vector_spacing << 0x5))), function at exception vector 5 too large)

.vector_6       0x000000009fc012c0        0x8
 *(.vector_6)
 .vector_6      0x000000009fc012c0        0x8 /Applications/microchip/xc32/v4.10/bin/bin/../../lib/gcc/pic32mx/8.3.1/../../../../pic32mx/lib/libpic32.a(vector6.o)
                0x000000009fc012c0                __vector_dispatch_6
                0x0000000000000001                ASSERT (((_vector_spacing == 0x0) || (SIZEOF (.vector_6) <= (_vector_spacing << 0x5))), function at exception vector 6 too large)

.vector_7       0x000000009fc012e0        0x8
 *(.vector_7)
 .vector_7      0x000000009fc012e0        0x8 /Applications/microchip/xc32/v4.10/bin/bin/../../lib/gcc/pic32mx/8.3.1/../../../../pic32mx/lib/libpic32.a(vector7.o)
                0x000000009fc012e0                __vector_dispatch_7
                0x0000000000000001                ASSERT (((_vector_spacing == 0x0) || (SIZEOF (.vector_7) <= (_vector_spacing << 0x5))), function at exception vector 7 too large)

.vector_8       0x000000009fc01300        0x8
 *(.vector_8)
 .vector_8      0x000000009fc01300        0x8 /Applications/microchip/xc32/v4.10/bin/bin/../../lib/gcc/pic32mx/8.3.1/../../../../pic32mx/lib/libpic32.a(vector8.o)
                0x000000009fc01300                __vector_dispatch_8
                0x0000000000000001                ASSERT (((_vector_spacing == 0x0) || (SIZEOF (.vector_8) <= (_vector_spacing << 0x5))), function at exception vector 8 too large)

.vector_9       0x000000009fc01320        0x8
 *(.vector_9)
 .vector_9      0x000000009fc01320        0x8 /Applications/microchip/xc32/v4.10/bin/bin/../../lib/gcc/pic32mx/8.3.1/../../../../pic32mx/lib/libpic32.a(vector9.o)
                0x000000009fc01320                __vector_dispatch_9
                0x0000000000000001                ASSERT (((_vector_spacing == 0x0) || (SIZEOF (.vector_9) <= (_vector_spacing << 0x5))), function at exception vector 9 too large)

.vector_10      0x000000009fc01340        0x8
 *(.vector_10)
 .vector_10     0x000000009fc01340        0x8 /Applications/microchip/xc32/v4.10/bin/bin/../../lib/gcc/pic32mx/8.3.1/../../../../pic32mx/lib/libpic32.a(vector10.o)
                0x000000009fc01340                __vector_dispatch_10
                0x0000000000000001                ASSERT (((_vector_spacing == 0x0) || (SIZEOF (.vector_10) <= (_vector_spacing << 0x5))), function at exception vector 10 too large)

.vector_11      0x000000009fc01360        0x8
 *(.vector_11)
 .vector_11     0x000000009fc01360        0x8 /Applications/microchip/xc32/v4.10/bin/bin/../../lib/gcc/pic32mx/8.3.1/../../../../pic32mx/lib/libpic32.a(vector11.o)
                0x000000009fc01360                __vector_dispatch_11
                0x0000000000000001                ASSERT (((_vector_spacing == 0x0) || (SIZEOF (.vector_11) <= (_vector_spacing << 0x5))), function at exception vector 11 too large)

.vector_12      0x000000009fc01380        0x8
 *(.vector_12)
 .vector_12     0x000000009fc01380        0x8 /Applications/microchip/xc32/v4.10/bin/bin/../../lib/gcc/pic32mx/8.3.1/../../../../pic32mx/lib/libpic32.a(vector12.o)
                0x000000009fc01380                __vector_dispatch_12
                0x0000000000000001                ASSERT (((_vector_spacing == 0x0) || (SIZEOF (.vector_12) <= (_vector_spacing << 0x5))), function at exception vector 12 too large)

.vector_13      0x000000009fc013a0        0x8
 *(.vector_13)
 .vector_13     0x000000009fc013a0        0x8 /Applications/microchip/xc32/v4.10/bin/bin/../../lib/gcc/pic32mx/8.3.1/../../../../pic32mx/lib/libpic32.a(vector13.o)
                0x000000009fc013a0                __vector_dispatch_13
                0x0000000000000001                ASSERT (((_vector_spacing == 0x0) || (SIZEOF (.vector_13) <= (_vector_spacing << 0x5))), function at exception vector 13 too large)

.vector_14      0x000000009fc013c0        0x8
 *(.vector_14)
 .vector_14     0x000000009fc013c0        0x8 /Applications/microchip/xc32/v4.10/bin/bin/../../lib/gcc/pic32mx/8.3.1/../../../../pic32mx/lib/libpic32.a(vector14.o)
                0x000000009fc013c0                __vector_dispatch_14
                0x0000000000000001                ASSERT (((_vector_spacing == 0x0) || (SIZEOF (.vector_14) <= (_vector_spacing << 0x5))), function at exception vector 14 too large)

.vector_15      0x000000009fc013e0        0x8
 *(.vector_15)
 .vector_15     0x000000009fc013e0        0x8 /Applications/microchip/xc32/v4.10/bin/bin/../../lib/gcc/pic32mx/8.3.1/../../../../pic32mx/lib/libpic32.a(vector15.o)
                0x000000009fc013e0                __vector_dispatch_15
                0x0000000000000001                ASSERT (((_vector_spacing == 0x0) || (SIZEOF (.vector_15) <= (_vector_spacing << 0x5))), function at exception vector 15 too large)

.vector_16      0x000000009fc01400        0x8
 *(.vector_16)
 .vector_16     0x000000009fc01400        0x8 /Applications/microchip/xc32/v4.10/bin/bin/../../lib/gcc/pic32mx/8.3.1/../../../../pic32mx/lib/libpic32.a(vector16.o)
                0x000000009fc01400                __vector_dispatch_16
                0x0000000000000001                ASSERT (((_vector_spacing == 0x0) || (SIZEOF (.vector_16) <= (_vector_spacing << 0x5))), function at exception vector 16 too large)

.vector_17      0x000000009fc01420        0x8
 *(.vector_17)
 .vector_17     0x000000009fc01420        0x8 /Applications/microchip/xc32/v4.10/bin/bin/../../lib/gcc/pic32mx/8.3.1/../../../../pic32mx/lib/libpic32.a(vector17.o)
                0x000000009fc01420                __vector_dispatch_17
                0x0000000000000001                ASSERT (((_vector_spacing == 0x0) || (SIZEOF (.vector_17) <= (_vector_spacing << 0x5))), function at exception vector 17 too large)

.vector_18      0x000000009fc01440        0x8
 *(.vector_18)
 .vector_18     0x000000009fc01440        0x8 /Applications/microchip/xc32/v4.10/bin/bin/../../lib/gcc/pic32mx/8.3.1/../../../../pic32mx/lib/libpic32.a(vector18.o)
                0x000000009fc01440                __vector_dispatch_18
                0x0000000000000001                ASSERT (((_vector_spacing == 0x0) || (SIZEOF (.vector_18) <= (_vector_spacing << 0x5))), function at exception vector 18 too large)

.vector_19      0x000000009fc01460        0x8
 *(.vector_19)
 .vector_19     0x000000009fc01460        0x8 /Applications/microchip/xc32/v4.10/bin/bin/../../lib/gcc/pic32mx/8.3.1/../../../../pic32mx/lib/libpic32.a(vector19.o)
                0x000000009fc01460                __vector_dispatch_19
                0x0000000000000001                ASSERT (((_vector_spacing == 0x0) || (SIZEOF (.vector_19) <= (_vector_spacing << 0x5))), function at exception vector 19 too large)

.vector_20      0x000000009fc01480        0x8
 *(.vector_20)
 .vector_20     0x000000009fc01480        0x8 /Applications/microchip/xc32/v4.10/bin/bin/../../lib/gcc/pic32mx/8.3.1/../../../../pic32mx/lib/libpic32.a(vector20.o)
                0x000000009fc01480                __vector_dispatch_20
                0x0000000000000001                ASSERT (((_vector_spacing == 0x0) || (SIZEOF (.vector_20) <= (_vector_spacing << 0x5))), function at exception vector 20 too large)

.vector_21      0x000000009fc014a0        0x8
 *(.vector_21)
 .vector_21     0x000000009fc014a0        0x8 /Applications/microchip/xc32/v4.10/bin/bin/../../lib/gcc/pic32mx/8.3.1/../../../../pic32mx/lib/libpic32.a(vector21.o)
                0x000000009fc014a0                __vector_dispatch_21
                0x0000000000000001                ASSERT (((_vector_spacing == 0x0) || (SIZEOF (.vector_21) <= (_vector_spacing << 0x5))), function at exception vector 21 too large)

.vector_22      0x000000009fc014c0        0x8
 *(.vector_22)
 .vector_22     0x000000009fc014c0        0x8 /Applications/microchip/xc32/v4.10/bin/bin/../../lib/gcc/pic32mx/8.3.1/../../../../pic32mx/lib/libpic32.a(vector22.o)
                0x000000009fc014c0                __vector_dispatch_22
                0x0000000000000001                ASSERT (((_vector_spacing == 0x0) || (SIZEOF (.vector_22) <= (_vector_spacing << 0x5))), function at exception vector 22 too large)

.vector_23      0x000000009fc014e0        0x8
 *(.vector_23)
 .vector_23     0x000000009fc014e0        0x8 /Applications/microchip/xc32/v4.10/bin/bin/../../lib/gcc/pic32mx/8.3.1/../../../../pic32mx/lib/libpic32.a(vector23.o)
                0x000000009fc014e0                __vector_dispatch_23
                0x0000000000000001                ASSERT (((_vector_spacing == 0x0) || (SIZEOF (.vector_23) <= (_vector_spacing << 0x5))), function at exception vector 23 too large)

.vector_24      0x000000009fc01500        0x8
 *(.vector_24)
 .vector_24     0x000000009fc01500        0x8 /Applications/microchip/xc32/v4.10/bin/bin/../../lib/gcc/pic32mx/8.3.1/../../../../pic32mx/lib/libpic32.a(vector24.o)
                0x000000009fc01500                __vector_dispatch_24
                0x0000000000000001                ASSERT (((_vector_spacing == 0x0) || (SIZEOF (.vector_24) <= (_vector_spacing << 0x5))), function at exception vector 24 too large)

.vector_25      0x000000009fc01520        0x8
 *(.vector_25)
 .vector_25     0x000000009fc01520        0x8 /Applications/microchip/xc32/v4.10/bin/bin/../../lib/gcc/pic32mx/8.3.1/../../../../pic32mx/lib/libpic32.a(vector25.o)
                0x000000009fc01520                __vector_dispatch_25
                0x0000000000000001                ASSERT (((_vector_spacing == 0x0) || (SIZEOF (.vector_25) <= (_vector_spacing << 0x5))), function at exception vector 25 too large)

.vector_26      0x000000009fc01540        0x8
 *(.vector_26)
 .vector_26     0x000000009fc01540        0x8 /Applications/microchip/xc32/v4.10/bin/bin/../../lib/gcc/pic32mx/8.3.1/../../../../pic32mx/lib/libpic32.a(vector26.o)
                0x000000009fc01540                __vector_dispatch_26
                0x0000000000000001                ASSERT (((_vector_spacing == 0x0) || (SIZEOF (.vector_26) <= (_vector_spacing << 0x5))), function at exception vector 26 too large)

.vector_27      0x000000009fc01560        0x8
 *(.vector_27)
 .vector_27     0x000000009fc01560        0x8 /Applications/microchip/xc32/v4.10/bin/bin/../../lib/gcc/pic32mx/8.3.1/../../../../pic32mx/lib/libpic32.a(vector27.o)
                0x000000009fc01560                __vector_dispatch_27
                0x0000000000000001                ASSERT (((_vector_spacing == 0x0) || (SIZEOF (.vector_27) <= (_vector_spacing << 0x5))), function at exception vector 27 too large)

.vector_28      0x000000009fc01580        0x8
 *(.vector_28)
 .vector_28     0x000000009fc01580        0x8 /Applications/microchip/xc32/v4.10/bin/bin/../../lib/gcc/pic32mx/8.3.1/../../../../pic32mx/lib/libpic32.a(vector28.o)
                0x000000009fc01580                __vector_dispatch_28
                0x0000000000000001                ASSERT (((_vector_spacing == 0x0) || (SIZEOF (.vector_28) <= (_vector_spacing << 0x5))), function at exception vector 28 too large)

.vector_29      0x000000009fc015a0        0x8
 *(.vector_29)
 .vector_29     0x000000009fc015a0        0x8 /Applications/microchip/xc32/v4.10/bin/bin/../../lib/gcc/pic32mx/8.3.1/../../../../pic32mx/lib/libpic32.a(vector29.o)
                0x000000009fc015a0                __vector_dispatch_29
                0x0000000000000001                ASSERT (((_vector_spacing == 0x0) || (SIZEOF (.vector_29) <= (_vector_spacing << 0x5))), function at exception vector 29 too large)

.vector_30      0x000000009fc015c0        0x8
 *(.vector_30)
 .vector_30     0x000000009fc015c0        0x8 /Applications/microchip/xc32/v4.10/bin/bin/../../lib/gcc/pic32mx/8.3.1/../../../../pic32mx/lib/libpic32.a(vector30.o)
                0x000000009fc015c0                __vector_dispatch_30
                0x0000000000000001                ASSERT (((_vector_spacing == 0x0) || (SIZEOF (.vector_30) <= (_vector_spacing << 0x5))), function at exception vector 30 too large)

.vector_31      0x000000009fc015e0        0x8
 *(.vector_31)
 .vector_31     0x000000009fc015e0        0x8 /Applications/microchip/xc32/v4.10/bin/bin/../../lib/gcc/pic32mx/8.3.1/../../../../pic32mx/lib/libpic32.a(vector31.o)
                0x000000009fc015e0                __vector_dispatch_31
                0x0000000000000001                ASSERT (((_vector_spacing == 0x0) || (SIZEOF (.vector_31) <= (_vector_spacing << 0x5))), function at exception vector 31 too large)

.vector_32      0x000000009fc01600        0x8
 *(.vector_32)
 .vector_32     0x000000009fc01600        0x8 /Applications/microchip/xc32/v4.10/bin/bin/../../lib/gcc/pic32mx/8.3.1/../../../../pic32mx/lib/libpic32.a(vector32.o)
                0x000000009fc01600                __vector_dispatch_32
                0x0000000000000001                ASSERT (((_vector_spacing == 0x0) || (SIZEOF (.vector_32) <= (_vector_spacing << 0x5))), function at exception vector 32 too large)

.vector_33      0x000000009fc01620        0x8
 *(.vector_33)
 .vector_33     0x000000009fc01620        0x8 /Applications/microchip/xc32/v4.10/bin/bin/../../lib/gcc/pic32mx/8.3.1/../../../../pic32mx/lib/libpic32.a(vector33.o)
                0x000000009fc01620                __vector_dispatch_33
                0x0000000000000001                ASSERT (((_vector_spacing == 0x0) || (SIZEOF (.vector_33) <= (_vector_spacing << 0x5))), function at exception vector 33 too large)

.vector_34      0x000000009fc01640        0x8
 *(.vector_34)
 .vector_34     0x000000009fc01640        0x8 /Applications/microchip/xc32/v4.10/bin/bin/../../lib/gcc/pic32mx/8.3.1/../../../../pic32mx/lib/libpic32.a(vector34.o)
                0x000000009fc01640                __vector_dispatch_34
                0x0000000000000001                ASSERT (((_vector_spacing == 0x0) || (SIZEOF (.vector_34) <= (_vector_spacing << 0x5))), function at exception vector 34 too large)

.vector_35      0x000000009fc01660        0x8
 *(.vector_35)
 .vector_35     0x000000009fc01660        0x8 /Applications/microchip/xc32/v4.10/bin/bin/../../lib/gcc/pic32mx/8.3.1/../../../../pic32mx/lib/libpic32.a(vector35.o)
                0x000000009fc01660                __vector_dispatch_35
                0x0000000000000001                ASSERT (((_vector_spacing == 0x0) || (SIZEOF (.vector_35) <= (_vector_spacing << 0x5))), function at exception vector 35 too large)

.vector_36      0x000000009fc01680        0x8
 *(.vector_36)
 .vector_36     0x000000009fc01680        0x8 /Applications/microchip/xc32/v4.10/bin/bin/../../lib/gcc/pic32mx/8.3.1/../../../../pic32mx/lib/libpic32.a(vector36.o)
                0x000000009fc01680                __vector_dispatch_36
                0x0000000000000001                ASSERT (((_vector_spacing == 0x0) || (SIZEOF (.vector_36) <= (_vector_spacing << 0x5))), function at exception vector 36 too large)

.vector_37      0x000000009fc016a0        0x8
 *(.vector_37)
 .vector_37     0x000000009fc016a0        0x8 /Applications/microchip/xc32/v4.10/bin/bin/../../lib/gcc/pic32mx/8.3.1/../../../../pic32mx/lib/libpic32.a(vector37.o)
                0x000000009fc016a0                __vector_dispatch_37
                0x0000000000000001                ASSERT (((_vector_spacing == 0x0) || (SIZEOF (.vector_37) <= (_vector_spacing << 0x5))), function at exception vector 37 too large)

.vector_38      0x000000009fc016c0        0x8
 *(.vector_38)
 .vector_38     0x000000009fc016c0        0x8 /Applications/microchip/xc32/v4.10/bin/bin/../../lib/gcc/pic32mx/8.3.1/../../../../pic32mx/lib/libpic32.a(vector38.o)
                0x000000009fc016c0                __vector_dispatch_38
                0x0000000000000001                ASSERT (((_vector_spacing == 0x0) || (SIZEOF (.vector_38) <= (_vector_spacing << 0x5))), function at exception vector 38 too large)

.vector_39      0x000000009fc016e0        0x8
 *(.vector_39)
 .vector_39     0x000000009fc016e0        0x8 /Applications/microchip/xc32/v4.10/bin/bin/../../lib/gcc/pic32mx/8.3.1/../../../../pic32mx/lib/libpic32.a(vector39.o)
                0x000000009fc016e0                __vector_dispatch_39
                0x0000000000000001                ASSERT (((_vector_spacing == 0x0) || (SIZEOF (.vector_39) <= (_vector_spacing << 0x5))), function at exception vector 39 too large)

.vector_40      0x000000009fc01700        0x8
 *(.vector_40)
 .vector_40     0x000000009fc01700        0x8 /Applications/microchip/xc32/v4.10/bin/bin/../../lib/gcc/pic32mx/8.3.1/../../../../pic32mx/lib/libpic32.a(vector40.o)
                0x000000009fc01700                __vector_dispatch_40
                0x0000000000000001                ASSERT (((_vector_spacing == 0x0) || (SIZEOF (.vector_40) <= (_vector_spacing << 0x5))), function at exception vector 40 too large)

.vector_41      0x000000009fc01720        0x8
 *(.vector_41)
 .vector_41     0x000000009fc01720        0x8 /Applications/microchip/xc32/v4.10/bin/bin/../../lib/gcc/pic32mx/8.3.1/../../../../pic32mx/lib/libpic32.a(vector41.o)
                0x000000009fc01720                __vector_dispatch_41
                0x0000000000000001                ASSERT (((_vector_spacing == 0x0) || (SIZEOF (.vector_41) <= (_vector_spacing << 0x5))), function at exception vector 41 too large)

.vector_42      0x000000009fc01740        0x8
 *(.vector_42)
 .vector_42     0x000000009fc01740        0x8 /Applications/microchip/xc32/v4.10/bin/bin/../../lib/gcc/pic32mx/8.3.1/../../../../pic32mx/lib/libpic32.a(vector42.o)
                0x000000009fc01740                __vector_dispatch_42
                0x0000000000000001                ASSERT (((_vector_spacing == 0x0) || (SIZEOF (.vector_42) <= (_vector_spacing << 0x5))), function at exception vector 42 too large)

.vector_43      0x000000009fc01760        0x8
 *(.vector_43)
 .vector_43     0x000000009fc01760        0x8 /Applications/microchip/xc32/v4.10/bin/bin/../../lib/gcc/pic32mx/8.3.1/../../../../pic32mx/lib/libpic32.a(vector43.o)
                0x000000009fc01760                __vector_dispatch_43
                0x0000000000000001                ASSERT (((_vector_spacing == 0x0) || (SIZEOF (.vector_43) <= (_vector_spacing << 0x5))), function at exception vector 43 too large)

.vector_44      0x000000009fc01780        0x8
 *(.vector_44)
 .vector_44     0x000000009fc01780        0x8 /Applications/microchip/xc32/v4.10/bin/bin/../../lib/gcc/pic32mx/8.3.1/../../../../pic32mx/lib/libpic32.a(vector44.o)
                0x000000009fc01780                __vector_dispatch_44
                0x0000000000000001                ASSERT (((_vector_spacing == 0x0) || (SIZEOF (.vector_44) <= (_vector_spacing << 0x5))), function at exception vector 44 too large)

.vector_45      0x000000009fc017a0        0x0
 *(.vector_45)
                0x0000000000000001                ASSERT (((_vector_spacing == 0x0) || (SIZEOF (.vector_45) <= (_vector_spacing << 0x5))), function at exception vector 45 too large)

.vector_46      0x000000009fc017c0        0x0
 *(.vector_46)
                0x0000000000000001                ASSERT (((_vector_spacing == 0x0) || (SIZEOF (.vector_46) <= (_vector_spacing << 0x5))), function at exception vector 46 too large)

.vector_47      0x000000009fc017e0        0x0
 *(.vector_47)
                0x0000000000000001                ASSERT (((_vector_spacing == 0x0) || (SIZEOF (.vector_47) <= (_vector_spacing << 0x5))), function at exception vector 47 too large)

.vector_48      0x000000009fc01800        0x0
 *(.vector_48)
                0x0000000000000001                ASSERT (((_vector_spacing == 0x0) || (SIZEOF (.vector_48) <= (_vector_spacing << 0x5))), function at exception vector 48 too large)

.vector_49      0x000000009fc01820        0x0
 *(.vector_49)
                0x0000000000000001                ASSERT (((_vector_spacing == 0x0) || (SIZEOF (.vector_49) <= (_vector_spacing << 0x5))), function at exception vector 49 too large)

.vector_50      0x000000009fc01840        0x0
 *(.vector_50)
                0x0000000000000001                ASSERT (((_vector_spacing == 0x0) || (SIZEOF (.vector_50) <= (_vector_spacing << 0x5))), function at exception vector 50 too large)

.vector_51      0x000000009fc01860        0x0
 *(.vector_51)
                0x0000000000000001                ASSERT (((_vector_spacing == 0x0) || (SIZEOF (.vector_51) <= (_vector_spacing << 0x5))), function at exception vector 51 too large)

.vector_52      0x000000009fc01880        0x0
 *(.vector_52)
                0x0000000000000001                ASSERT (((_vector_spacing == 0x0) || (SIZEOF (.vector_52) <= (_vector_spacing << 0x5))), function at exception vector 52 too large)

.vector_53      0x000000009fc018a0        0x0
 *(.vector_53)
                0x0000000000000001                ASSERT (((_vector_spacing == 0x0) || (SIZEOF (.vector_53) <= (_vector_spacing << 0x5))), function at exception vector 53 too large)

.vector_54      0x000000009fc018c0        0x0
 *(.vector_54)
                0x0000000000000001                ASSERT (((_vector_spacing == 0x0) || (SIZEOF (.vector_54) <= (_vector_spacing << 0x5))), function at exception vector 54 too large)

.vector_55      0x000000009fc018e0        0x0
 *(.vector_55)
                0x0000000000000001                ASSERT (((_vector_spacing == 0x0) || (SIZEOF (.vector_55) <= (_vector_spacing << 0x5))), function at exception vector 55 too large)

.vector_56      0x000000009fc01900        0x0
 *(.vector_56)
                0x0000000000000001                ASSERT (((_vector_spacing == 0x0) || (SIZEOF (.vector_56) <= (_vector_spacing << 0x5))), function at exception vector 56 too large)

.vector_57      0x000000009fc01920        0x0
 *(.vector_57)
                0x0000000000000001                ASSERT (((_vector_spacing == 0x0) || (SIZEOF (.vector_57) <= (_vector_spacing << 0x5))), function at exception vector 57 too large)

.vector_58      0x000000009fc01940        0x0
 *(.vector_58)
                0x0000000000000001                ASSERT (((_vector_spacing == 0x0) || (SIZEOF (.vector_58) <= (_vector_spacing << 0x5))), function at exception vector 58 too large)

.vector_59      0x000000009fc01960        0x0
 *(.vector_59)
                0x0000000000000001                ASSERT (((_vector_spacing == 0x0) || (SIZEOF (.vector_59) <= (_vector_spacing << 0x5))), function at exception vector 59 too large)

.vector_60      0x000000009fc01980        0x0
 *(.vector_60)
                0x0000000000000001                ASSERT (((_vector_spacing == 0x0) || (SIZEOF (.vector_60) <= (_vector_spacing << 0x5))), function at exception vector 60 too large)

.vector_61      0x000000009fc019a0        0x0
 *(.vector_61)
                0x0000000000000001                ASSERT (((_vector_spacing == 0x0) || (SIZEOF (.vector_61) <= (_vector_spacing << 0x5))), function at exception vector 61 too large)

.vector_62      0x000000009fc019c0        0x0
 *(.vector_62)
                0x0000000000000001                ASSERT (((_vector_spacing == 0x0) || (SIZEOF (.vector_62) <= (_vector_spacing << 0x5))), function at exception vector 62 too large)

.vector_63      0x000000009fc019e0        0x0
 *(.vector_63)
                0x0000000000000001                ASSERT (((_vector_spacing == 0x0) || (SIZEOF (.vector_63) <= (_vector_spacing << 0x5))), function at exception vector 63 too large)

.startup
 *(.startup)

.text           0x000000009d000000        0x0
 *(.stub .gnu.linkonce.t.*)
 *(.text.*personality*)
 *(.mips16.fn.*)
 *(.mips16.call.*)
 *(.gnu.warning)
                0x000000009d000000                . = ALIGN (0x4)

.init           0x000000009d000000        0x0
 *crti.o(.init)
 *crtbegin.o(.init)
 *(EXCLUDE_FILE(*crtn.o *crtend?.o *crtend.o) .init)
 *crtend.o(.init)
 *crtn.o(.init)
                0x000000009d000000                . = ALIGN (0x4)

.fini           0x000000009d000000        0x0
 *(.fini)
                0x000000009d000000                . = ALIGN (0x4)

.preinit_array  0x000000009d000000        0x0
                [!provide]                        PROVIDE (__preinit_array_start = .)
 *(.preinit_array)
                [!provide]                        PROVIDE (__preinit_array_end = .)
                0x000000009d000000                . = ALIGN (0x4)

.init_array     0x000000009d000000        0x0
                [!provide]                        PROVIDE (__init_array_start = .)
 *(SORT_BY_NAME(.init_array.*))
 *(.init_array)
                [!provide]                        PROVIDE (__init_array_end = .)
                0x000000009d000000                . = ALIGN (0x4)

.fini_array     0x000000009d000000        0x0
                [!provide]                        PROVIDE (__fini_array_start = .)
 *(SORT_BY_NAME(.fini_array.*))
 *(.fini_array)
                [!provide]                        PROVIDE (__fini_array_end = .)
                0x000000009d000000                . = ALIGN (0x4)

.ctors          0x000000009d000000        0x0
 *crtbegin.o(.ctors)
 *crtbegin?.o(.ctors)
 *(EXCLUDE_FILE(*crtend?.o *crtend.o) .ctors)
 *(SORT_BY_NAME(.ctors.*))
 *(.ctors)
                0x000000009d000000                . = ALIGN (0x4)

.dtors          0x000000009d000000        0x0
 *crtbegin.o(.dtors)
 *crtbegin?.o(.dtors)
 *(EXCLUDE_FILE(*crtend?.o *crtend.o) .dtors)
 *(SORT_BY_NAME(.dtors.*))
 *(.dtors)
                0x000000009d000000                . = ALIGN (0x4)

.rodata         0x000000009d000000        0x0
 *(.gnu.linkonce.r.*)
 *(.rodata1)
                0x000000009d000000                . = ALIGN (0x4)

.sdata2         0x000000009d000000        0x0
 *(.sdata2 .sdata2.* .gnu.linkonce.s2.*)
                0x000000009d000000                . = ALIGN (0x4)

.sbss2          0x000000009d000000        0x0
 *(.sbss2 .sbss2.* .gnu.linkonce.sb2.*)
                0x000000009d000000                . = ALIGN (0x4)

.eh_frame_hdr
 *(.eh_frame_hdr)
                0x000000009d000000                . = ALIGN (0x4)

.eh_frame
 *(.eh_frame)
                0x000000009d000000                . = ALIGN (0x4)

.gcc_except_table
 *(.gcc_except_table .gcc_except_table.*)
                0x000000009d000000                . = ALIGN (0x4)

.dbg_data       0x00000000a0000000        0x0
                0x00000000a0000000                . = (. + DEFINED (_DEBUGGER)?0x200:0x0)

.jcr            0x00000000a0000000        0x0
 *(.jcr)
                0x00000000a0000000                . = ALIGN (0x4)

.eh_frame
 *(.eh_frame)
                0x00000000a0000000                . = ALIGN (0x4)

.gcc_except_table
 *(.gcc_except_table .gcc_except_table.*)
                0x00000000a0000000                . = ALIGN (0x4)

.persist        0x00000000a0000000        0x0
                0x00000000a0000000                _persist_begin = .
 *(.persist .persist.*)
                0x00000000a0000000                . = ALIGN (0x4)
                0x00000000a0000000                _persist_end = .

.data           0x00000000a0000000        0x0
 *(.gnu.linkonce.d.*)
 *(.data1)
                0x00000000a0000000                . = ALIGN (0x4)
                0x00000000a0000000                . = .
                0x00000000a0007ff0                _gp = (ALIGN (0x10) + 0x7ff0)

.got            0x00000000a0000000        0x0
 *(.got.plt)
 *(.got)
                0x00000000a0000000                . = ALIGN (0x4)

.sdata          0x00000000a0000000        0x4
                0x00000000a0000000                _sdata_begin = .
 *(.sdata .sdata.* .gnu.linkonce.s.*)
 .sdata         0x00000000a0000000        0x4 /Applications/microchip/xc32/v4.10/bin/bin/../../lib/gcc/pic32mx/8.3.1/../../../../pic32mx/lib/libpic32.a(xc32_uart.o)
                0x00000000a0000000                __XC_UART
                0x00000000a0000004                . = ALIGN (0x4)
                0x00000000a0000004                _sdata_end = .

.lit8
 *(.lit8)

.lit4
 *(.lit4)
                0x00000000a0000004                . = ALIGN (0x4)
                0x00000000a0000004                _data_end = .
                0x00000000a0000004                _bss_begin = .

.sbss           0x00000000a0000004        0x0
                0x00000000a0000004                _sbss_begin = .
 *(.dynsbss)
 *(.sbss .sbss.* .gnu.linkonce.sb.*)
 *(.scommon)
                0x00000000a0000004                _sbss_end = .
                0x00000000a0000004                . = ALIGN (0x4)

.bss            0x00000000a0000004        0x0
 *(.dynbss)
 *(COMMON)
                0x00000000a0000004                . = ALIGN ((. != 0x0)?0x4:0x1)
                0x00000000a0000004                . = ALIGN (0x4)
                0x00000000a0000004                _end = .
                0x00000000a0000004                _bss_end = .
                0x0000000000008000                _bmxdudba_address = LENGTH (kseg1_data_mem)
                0x0000000000008000                _bmxdupba_address = LENGTH (kseg1_data_mem)

/DISCARD/
 *(.pdr)
 *(.rel.dyn)
 *(.note.GNU-stack)
 *(.note.GNU-stack)
 *(.gnu_debuglink)
 *(.gnu.lto_*)
 *(.discard)

.gptab.sdata
 *(.gptab.data)
 *(.gptab.sdata)

.gptab.sbss
 *(.gptab.bss)
 *(.gptab.sbss)

.mdebug.abi32   0x0000000000000000        0x0
 *(.mdebug.abi32)
 .mdebug.abi32  0x0000000000000000        0x0 build/default/production/BOARD.o
 .mdebug.abi32  0x0000000000000000        0x0 build/default/production/part2.o
 .mdebug.abi32  0x0000000000000000        0x0 /Applications/microchip/xc32/v4.10/bin/bin/../../lib/gcc/pic32mx/8.3.1/../../../../pic32mx/lib/libpic32.a(default-bootstrap-exception-handler.o)
 .mdebug.abi32  0x0000000000000000        0x0 /Applications/microchip/xc32/v4.10/bin/bin/../../lib/gcc/pic32mx/8.3.1/../../../../pic32mx/lib/libpic32.a(default-on-reset.o)
 .mdebug.abi32  0x0000000000000000        0x0 /Applications/microchip/xc32/v4.10/bin/bin/../../lib/gcc/pic32mx/8.3.1/../../../../pic32mx/lib/libpic32.a(default-on-bootstrap.o)
 .mdebug.abi32  0x0000000000000000        0x0 /Applications/microchip/xc32/v4.10/bin/bin/../../lib/gcc/pic32mx/8.3.1/../../../../pic32mx/lib/libpic32.a(xc32_uart.o)
 .mdebug.abi32  0x0000000000000000        0x0 /Applications/microchip/xc32/v4.10/bin/bin/../../lib/gcc/pic32mx/8.3.1/../../../../pic32mx/lib/libpic32.a(default-general-exception-handler.o)
 .mdebug.abi32  0x0000000000000000        0x0 /Applications/microchip/xc32/v4.10/bin/bin/../../lib/gcc/pic32mx/8.3.1/../../../../pic32mx/lib/libpic32.a(defaultinterrupt.o)
 .mdebug.abi32  0x0000000000000000        0x0 /Applications/microchip/xc32/v4.10/bin/bin/../../lib/gcc/pic32mx/8.3.1/../../../../pic32mx/lib/libc-musl.a(rand.o)
 .mdebug.abi32  0x0000000000000000        0x0 /Applications/microchip/xc32/v4.10/bin/bin/../../lib/gcc/pic32mx/8.3.1/../../../../pic32mx/lib/libc-musl.a(__sio_printf_f.o)
 .mdebug.abi32  0x0000000000000000        0x0 /Applications/microchip/xc32/v4.10/bin/bin/../../lib/gcc/pic32mx/8.3.1/../../../../pic32mx/lib/libc-musl.a(__fmt_fp.o)
 .mdebug.abi32  0x0000000000000000        0x0 /Applications/microchip/xc32/v4.10/bin/bin/../../lib/gcc/pic32mx/8.3.1/../../../../pic32mx/lib/libc-musl.a(__printf_core.o)
 .mdebug.abi32  0x0000000000000000        0x0 /Applications/microchip/xc32/v4.10/bin/bin/../../lib/gcc/pic32mx/8.3.1/../../../../pic32mx/lib/libc-musl.a(stdout.o)
 .mdebug.abi32  0x0000000000000000        0x0 /Applications/microchip/xc32/v4.10/bin/bin/../../lib/gcc/pic32mx/8.3.1/../../../../pic32mx/lib/libc-musl.a(putchar.o)
 .mdebug.abi32  0x0000000000000000        0x0 /Applications/microchip/xc32/v4.10/bin/bin/../../lib/gcc/pic32mx/8.3.1/../../../../pic32mx/lib/libc-musl.a(puts.o)
 .mdebug.abi32  0x0000000000000000        0x0 /Applications/microchip/xc32/v4.10/bin/bin/../../lib/gcc/pic32mx/8.3.1/../../../../pic32mx/lib/libc-musl.a(atoi.o)
 .mdebug.abi32  0x0000000000000000        0x0 /Applications/microchip/xc32/v4.10/bin/bin/../../lib/gcc/pic32mx/8.3.1/../../../../pic32mx/lib/libc-musl.a(memcpy.o)
 .mdebug.abi32  0x0000000000000000        0x0 /Applications/microchip/xc32/v4.10/bin/bin/../../lib/gcc/pic32mx/8.3.1/../../../../pic32mx/lib/libc-musl.a(memset.o)
 .mdebug.abi32  0x0000000000000000        0x0 /Applications/microchip/xc32/v4.10/bin/bin/../../lib/gcc/pic32mx/8.3.1/../../../../pic32mx/lib/libc-musl.a(strlen.o)
 .mdebug.abi32  0x0000000000000000        0x0 /Applications/microchip/xc32/v4.10/bin/bin/../../lib/gcc/pic32mx/8.3.1/../../../../pic32mx/lib/libc-musl.a(strcpy.o)
 .mdebug.abi32  0x0000000000000000        0x0 /Applications/microchip/xc32/v4.10/bin/bin/../../lib/gcc/pic32mx/8.3.1/../../../../pic32mx/lib/libc-musl.a(tolower.o)
 .mdebug.abi32  0x0000000000000000        0x0 /Applications/microchip/xc32/v4.10/bin/bin/../../lib/gcc/pic32mx/8.3.1/../../../../pic32mx/lib/libc-musl.a(__int_vfprintf.o)
 .mdebug.abi32  0x0000000000000000        0x0 /Applications/microchip/xc32/v4.10/bin/bin/../../lib/gcc/pic32mx/8.3.1/../../../../pic32mx/lib/libc-musl.a(fputs.o)
 .mdebug.abi32  0x0000000000000000        0x0 /Applications/microchip/xc32/v4.10/bin/bin/../../lib/gcc/pic32mx/8.3.1/../../../../pic32mx/lib/libc-musl.a(__fopen.o)
 .mdebug.abi32  0x0000000000000000        0x0 /Applications/microchip/xc32/v4.10/bin/bin/../../lib/gcc/pic32mx/8.3.1/../../../../pic32mx/lib/libc-musl.a(__io_init_needed.o)
 .mdebug.abi32  0x0000000000000000        0x0 /Applications/microchip/xc32/v4.10/bin/bin/../../lib/gcc/pic32mx/8.3.1/../../../../pic32mx/lib/libc-musl.a(__out.o)
 .mdebug.abi32  0x0000000000000000        0x0 /Applications/microchip/xc32/v4.10/bin/bin/../../lib/gcc/pic32mx/8.3.1/../../../../pic32mx/lib/libc-musl.a(__pop_float.o)
 .mdebug.abi32  0x0000000000000000        0x0 /Applications/microchip/xc32/v4.10/bin/bin/../../lib/gcc/pic32mx/8.3.1/../../../../pic32mx/lib/libc-musl.a(__pop_int.o)
 .mdebug.abi32  0x0000000000000000        0x0 /Applications/microchip/xc32/v4.10/bin/bin/../../lib/gcc/pic32mx/8.3.1/../../../../pic32mx/lib/libc-musl.a(__pop_ptr.o)
 .mdebug.abi32  0x0000000000000000        0x0 /Applications/microchip/xc32/v4.10/bin/bin/../../lib/gcc/pic32mx/8.3.1/../../../../pic32mx/lib/libc-musl.a(__stdio_close.o)
 .mdebug.abi32  0x0000000000000000        0x0 /Applications/microchip/xc32/v4.10/bin/bin/../../lib/gcc/pic32mx/8.3.1/../../../../pic32mx/lib/libc-musl.a(fwrite.o)
 .mdebug.abi32  0x0000000000000000        0x0 /Applications/microchip/xc32/v4.10/bin/bin/../../lib/gcc/pic32mx/8.3.1/../../../../pic32mx/lib/libc-musl.a(putc.o)
 .mdebug.abi32  0x0000000000000000        0x0 /Applications/microchip/xc32/v4.10/bin/bin/../../lib/gcc/pic32mx/8.3.1/../../../../pic32mx/lib/libc-musl.a(stpcpy.o)
 .mdebug.abi32  0x0000000000000000        0x0 /Applications/microchip/xc32/v4.10/bin/bin/../../lib/gcc/pic32mx/8.3.1/../../../../pic32mx/lib/libc-musl.a(malloc.o)
 .mdebug.abi32  0x0000000000000000        0x0 /Applications/microchip/xc32/v4.10/bin/bin/../../lib/gcc/pic32mx/8.3.1/../../../../pic32mx/lib/libc-musl.a(expand_heap.o)
 .mdebug.abi32  0x0000000000000000        0x0 /Applications/microchip/xc32/v4.10/bin/bin/../../lib/gcc/pic32mx/8.3.1/../../../../pic32mx/lib/libc-musl.a(__init_stdio.o)
 .mdebug.abi32  0x0000000000000000        0x0 /Applications/microchip/xc32/v4.10/bin/bin/../../lib/gcc/pic32mx/8.3.1/../../../../pic32mx/lib/libc-musl.a(__io_file_needed.o)
 .mdebug.abi32  0x0000000000000000        0x0 /Applications/microchip/xc32/v4.10/bin/bin/../../lib/gcc/pic32mx/8.3.1/../../../../pic32mx/lib/libc-musl.a(libc.o)
 .mdebug.abi32  0x0000000000000000        0x0 /Applications/microchip/xc32/v4.10/bin/bin/../../lib/gcc/pic32mx/8.3.1/../../../../pic32mx/lib/libm-musl.a(fma.o)
 .mdebug.abi32  0x0000000000000000        0x0 /Applications/microchip/xc32/v4.10/bin/bin/../../lib/gcc/pic32mx/8.3.1/../../../../pic32mx/lib/libm-musl.a(scalbn.o)
 .mdebug.abi32  0x0000000000000000        0x0 /Applications/microchip/xc32/v4.10/bin/bin/../../lib/gcc/pic32mx/8.3.1/libgcc.a(_lshrdi3.o)
 .mdebug.abi32  0x0000000000000000        0x0 /Applications/microchip/xc32/v4.10/bin/bin/../../lib/gcc/pic32mx/8.3.1/libgcc.a(_ashldi3.o)
 .mdebug.abi32  0x0000000000000000        0x0 /Applications/microchip/xc32/v4.10/bin/bin/../../lib/gcc/pic32mx/8.3.1/libgcc.a(_floatdidf.o)
 .mdebug.abi32  0x0000000000000000        0x0 /Applications/microchip/xc32/v4.10/bin/bin/../../lib/gcc/pic32mx/8.3.1/libgcc.a(floatunsidf.o)
 .mdebug.abi32  0x0000000000000000        0x0 /Applications/microchip/xc32/v4.10/bin/bin/../../lib/gcc/pic32mx/8.3.1/../../../../pic32mx/lib/libpic32.a(sbrk.o)
 .mdebug.abi32  0x0000000000000000        0x0 /Applications/microchip/xc32/v4.10/bin/bin/../../lib/gcc/pic32mx/8.3.1/../../../../pic32mx/lib/libpic32.a(write.o)
 .mdebug.abi32  0x0000000000000000        0x0 /Applications/microchip/xc32/v4.10/bin/bin/../../lib/gcc/pic32mx/8.3.1/../../../../pic32mx/lib/libpic32.a(lseek.o)
 .mdebug.abi32  0x0000000000000000        0x0 /Applications/microchip/xc32/v4.10/bin/bin/../../lib/gcc/pic32mx/8.3.1/../../../../pic32mx/lib/libpic32.a(close.o)
 .mdebug.abi32  0x0000000000000000        0x0 /Applications/microchip/xc32/v4.10/bin/bin/../../lib/gcc/pic32mx/8.3.1/../../../../pic32mx/lib/libpic32.a(errno.o)
 .mdebug.abi32  0x0000000000000000        0x0 /Applications/microchip/xc32/v4.10/bin/bin/../../lib/gcc/pic32mx/8.3.1/../../../../pic32mx/lib/libpic32.a(_mon_putc.o)

.mdebug.abiN32
 *(.mdebug.abiN32)

.mdebug.abi64
 *(.mdebug.abi64)

.mdebug.abiO64
 *(.mdebug.abiO64)

.mdebug.eabi32
 *(.mdebug.eabi32)

.mdebug.eabi64
 *(.mdebug.eabi64)

.gcc_compiled_long32
 *(.gcc_compiled_long32)

.gcc_compiled_long64
 *(.gcc_compiled_long64)

.stab
 *(.stab)

.stabstr
 *(.stabstr)

.stab.excl
 *(.stab.excl)

.stab.exclstr
 *(.stab.exclstr)

.stab.index
 *(.stab.index)

.stab.indexstr
 *(.stab.indexstr)

.comment        0x0000000000000000       0x76
 *(.comment)
 .comment       0x0000000000000000       0x2b build/default/production/BOARD.o
                                         0x2c (size before relaxing)
 .comment       0x000000000000002b       0x2c build/default/production/part2.o
 .comment       0x000000000000002b       0x2c /Applications/microchip/xc32/v4.10/bin/bin/../../lib/gcc/pic32mx/8.3.1/../../../../pic32mx/lib/libpic32.a(default-bootstrap-exception-handler.o)
 .comment       0x000000000000002b       0x2c /Applications/microchip/xc32/v4.10/bin/bin/../../lib/gcc/pic32mx/8.3.1/../../../../pic32mx/lib/libpic32.a(default-on-reset.o)
 .comment       0x000000000000002b       0x2c /Applications/microchip/xc32/v4.10/bin/bin/../../lib/gcc/pic32mx/8.3.1/../../../../pic32mx/lib/libpic32.a(default-on-bootstrap.o)
 .comment       0x000000000000002b       0x2c /Applications/microchip/xc32/v4.10/bin/bin/../../lib/gcc/pic32mx/8.3.1/../../../../pic32mx/lib/libpic32.a(xc32_uart.o)
 .comment       0x000000000000002b       0x2c /Applications/microchip/xc32/v4.10/bin/bin/../../lib/gcc/pic32mx/8.3.1/../../../../pic32mx/lib/libpic32.a(default-general-exception-handler.o)
 .comment       0x000000000000002b       0x2c /Applications/microchip/xc32/v4.10/bin/bin/../../lib/gcc/pic32mx/8.3.1/../../../../pic32mx/lib/libpic32.a(defaultinterrupt.o)
 .comment       0x000000000000002b       0x2c /Applications/microchip/xc32/v4.10/bin/bin/../../lib/gcc/pic32mx/8.3.1/../../../../pic32mx/lib/libc-musl.a(rand.o)
 .comment       0x000000000000002b       0x2c /Applications/microchip/xc32/v4.10/bin/bin/../../lib/gcc/pic32mx/8.3.1/../../../../pic32mx/lib/libc-musl.a(__sio_printf_f.o)
 .comment       0x000000000000002b       0x2c /Applications/microchip/xc32/v4.10/bin/bin/../../lib/gcc/pic32mx/8.3.1/../../../../pic32mx/lib/libc-musl.a(__fmt_fp.o)
 .comment       0x000000000000002b       0x2c /Applications/microchip/xc32/v4.10/bin/bin/../../lib/gcc/pic32mx/8.3.1/../../../../pic32mx/lib/libc-musl.a(__printf_core.o)
 .comment       0x000000000000002b       0x2c /Applications/microchip/xc32/v4.10/bin/bin/../../lib/gcc/pic32mx/8.3.1/../../../../pic32mx/lib/libc-musl.a(stdout.o)
 .comment       0x000000000000002b       0x2c /Applications/microchip/xc32/v4.10/bin/bin/../../lib/gcc/pic32mx/8.3.1/../../../../pic32mx/lib/libc-musl.a(putchar.o)
 .comment       0x000000000000002b       0x2c /Applications/microchip/xc32/v4.10/bin/bin/../../lib/gcc/pic32mx/8.3.1/../../../../pic32mx/lib/libc-musl.a(puts.o)
 .comment       0x000000000000002b       0x2c /Applications/microchip/xc32/v4.10/bin/bin/../../lib/gcc/pic32mx/8.3.1/../../../../pic32mx/lib/libc-musl.a(atoi.o)
 .comment       0x000000000000002b       0x2c /Applications/microchip/xc32/v4.10/bin/bin/../../lib/gcc/pic32mx/8.3.1/../../../../pic32mx/lib/libc-musl.a(memcpy.o)
 .comment       0x000000000000002b       0x2c /Applications/microchip/xc32/v4.10/bin/bin/../../lib/gcc/pic32mx/8.3.1/../../../../pic32mx/lib/libc-musl.a(memset.o)
 .comment       0x000000000000002b       0x2c /Applications/microchip/xc32/v4.10/bin/bin/../../lib/gcc/pic32mx/8.3.1/../../../../pic32mx/lib/libc-musl.a(strlen.o)
 .comment       0x000000000000002b       0x2c /Applications/microchip/xc32/v4.10/bin/bin/../../lib/gcc/pic32mx/8.3.1/../../../../pic32mx/lib/libc-musl.a(strcpy.o)
 .comment       0x000000000000002b       0x2c /Applications/microchip/xc32/v4.10/bin/bin/../../lib/gcc/pic32mx/8.3.1/../../../../pic32mx/lib/libc-musl.a(tolower.o)
 .comment       0x000000000000002b       0x2c /Applications/microchip/xc32/v4.10/bin/bin/../../lib/gcc/pic32mx/8.3.1/../../../../pic32mx/lib/libc-musl.a(__int_vfprintf.o)
 .comment       0x000000000000002b       0x2c /Applications/microchip/xc32/v4.10/bin/bin/../../lib/gcc/pic32mx/8.3.1/../../../../pic32mx/lib/libc-musl.a(fputs.o)
 .comment       0x000000000000002b       0x2c /Applications/microchip/xc32/v4.10/bin/bin/../../lib/gcc/pic32mx/8.3.1/../../../../pic32mx/lib/libc-musl.a(__fopen.o)
 .comment       0x000000000000002b       0x2c /Applications/microchip/xc32/v4.10/bin/bin/../../lib/gcc/pic32mx/8.3.1/../../../../pic32mx/lib/libc-musl.a(__io_init_needed.o)
 .comment       0x000000000000002b       0x2c /Applications/microchip/xc32/v4.10/bin/bin/../../lib/gcc/pic32mx/8.3.1/../../../../pic32mx/lib/libc-musl.a(__out.o)
 .comment       0x000000000000002b       0x2c /Applications/microchip/xc32/v4.10/bin/bin/../../lib/gcc/pic32mx/8.3.1/../../../../pic32mx/lib/libc-musl.a(__pop_float.o)
 .comment       0x000000000000002b       0x2c /Applications/microchip/xc32/v4.10/bin/bin/../../lib/gcc/pic32mx/8.3.1/../../../../pic32mx/lib/libc-musl.a(__pop_int.o)
 .comment       0x000000000000002b       0x2c /Applications/microchip/xc32/v4.10/bin/bin/../../lib/gcc/pic32mx/8.3.1/../../../../pic32mx/lib/libc-musl.a(__pop_ptr.o)
 .comment       0x000000000000002b       0x2c /Applications/microchip/xc32/v4.10/bin/bin/../../lib/gcc/pic32mx/8.3.1/../../../../pic32mx/lib/libc-musl.a(__stdio_close.o)
 .comment       0x000000000000002b       0x2c /Applications/microchip/xc32/v4.10/bin/bin/../../lib/gcc/pic32mx/8.3.1/../../../../pic32mx/lib/libc-musl.a(fwrite.o)
 .comment       0x000000000000002b       0x2c /Applications/microchip/xc32/v4.10/bin/bin/../../lib/gcc/pic32mx/8.3.1/../../../../pic32mx/lib/libc-musl.a(putc.o)
 .comment       0x000000000000002b       0x2c /Applications/microchip/xc32/v4.10/bin/bin/../../lib/gcc/pic32mx/8.3.1/../../../../pic32mx/lib/libc-musl.a(stpcpy.o)
 .comment       0x000000000000002b       0x2c /Applications/microchip/xc32/v4.10/bin/bin/../../lib/gcc/pic32mx/8.3.1/../../../../pic32mx/lib/libc-musl.a(malloc.o)
 .comment       0x000000000000002b       0x2c /Applications/microchip/xc32/v4.10/bin/bin/../../lib/gcc/pic32mx/8.3.1/../../../../pic32mx/lib/libc-musl.a(expand_heap.o)
 .comment       0x000000000000002b       0x2c /Applications/microchip/xc32/v4.10/bin/bin/../../lib/gcc/pic32mx/8.3.1/../../../../pic32mx/lib/libc-musl.a(__init_stdio.o)
 .comment       0x000000000000002b       0x2c /Applications/microchip/xc32/v4.10/bin/bin/../../lib/gcc/pic32mx/8.3.1/../../../../pic32mx/lib/libc-musl.a(__io_file_needed.o)
 .comment       0x000000000000002b       0x2c /Applications/microchip/xc32/v4.10/bin/bin/../../lib/gcc/pic32mx/8.3.1/../../../../pic32mx/lib/libc-musl.a(libc.o)
 .comment       0x000000000000002b       0x2c /Applications/microchip/xc32/v4.10/bin/bin/../../lib/gcc/pic32mx/8.3.1/../../../../pic32mx/lib/libm-musl.a(fma.o)
 .comment       0x000000000000002b       0x2c /Applications/microchip/xc32/v4.10/bin/bin/../../lib/gcc/pic32mx/8.3.1/../../../../pic32mx/lib/libm-musl.a(scalbn.o)
 .comment       0x000000000000002b       0x2c /Applications/microchip/xc32/v4.10/bin/bin/../../lib/gcc/pic32mx/8.3.1/libgcc.a(_lshrdi3.o)
 .comment       0x000000000000002b       0x2c /Applications/microchip/xc32/v4.10/bin/bin/../../lib/gcc/pic32mx/8.3.1/libgcc.a(_ashldi3.o)
 .comment       0x000000000000002b       0x2c /Applications/microchip/xc32/v4.10/bin/bin/../../lib/gcc/pic32mx/8.3.1/libgcc.a(_floatdidf.o)
 .comment       0x000000000000002b       0x2c /Applications/microchip/xc32/v4.10/bin/bin/../../lib/gcc/pic32mx/8.3.1/libgcc.a(floatunsidf.o)
 .comment       0x000000000000002b       0x4b /Applications/microchip/xc32/v4.10/bin/bin/../../lib/gcc/pic32mx/8.3.1/../../../../pic32mx/lib/libpic32.a(sbrk.o)
                                         0x77 (size before relaxing)
 .comment       0x0000000000000076       0x2c /Applications/microchip/xc32/v4.10/bin/bin/../../lib/gcc/pic32mx/8.3.1/../../../../pic32mx/lib/libpic32.a(write.o)
 .comment       0x0000000000000076       0x2c /Applications/microchip/xc32/v4.10/bin/bin/../../lib/gcc/pic32mx/8.3.1/../../../../pic32mx/lib/libpic32.a(lseek.o)
 .comment       0x0000000000000076       0x2c /Applications/microchip/xc32/v4.10/bin/bin/../../lib/gcc/pic32mx/8.3.1/../../../../pic32mx/lib/libpic32.a(close.o)
 .comment       0x0000000000000076       0x2c /Applications/microchip/xc32/v4.10/bin/bin/../../lib/gcc/pic32mx/8.3.1/../../../../pic32mx/lib/libpic32.a(errno.o)
 .comment       0x0000000000000076       0x2c /Applications/microchip/xc32/v4.10/bin/bin/../../lib/gcc/pic32mx/8.3.1/../../../../pic32mx/lib/libpic32.a(_mon_putc.o)

.debug
 *.elf(.debug)
 *(.debug)

.line
 *.elf(.line)
 *(.line)

.debug_srcinfo
 *.elf(.debug_srcinfo)
 *(.debug_srcinfo)

.debug_sfnames
 *.elf(.debug_sfnames)
 *(.debug_sfnames)

.debug_aranges  0x0000000000000000      0x710
 *.elf(.debug_aranges)
 *(.debug_aranges)
 .debug_aranges
                0x0000000000000000       0x20 build/default/production/BOARD.o
 .debug_aranges
                0x0000000000000020       0x20 build/default/production/part2.o
 .debug_aranges
                0x0000000000000040       0x20 /Applications/microchip/xc32/v4.10/bin/bin/../../lib/gcc/pic32mx/8.3.1/../../../../pic32mx/lib/libpic32.a(default-bootstrap-exception-handler.o)
 .debug_aranges
                0x0000000000000060       0x20 /Applications/microchip/xc32/v4.10/bin/bin/../../lib/gcc/pic32mx/8.3.1/../../../../pic32mx/lib/libpic32.a(default-on-reset.o)
 .debug_aranges
                0x0000000000000080       0x20 /Applications/microchip/xc32/v4.10/bin/bin/../../lib/gcc/pic32mx/8.3.1/../../../../pic32mx/lib/libpic32.a(default-on-bootstrap.o)
 .debug_aranges
                0x00000000000000a0       0x20 /Applications/microchip/xc32/v4.10/bin/bin/../../lib/gcc/pic32mx/8.3.1/../../../../pic32mx/lib/libpic32.a(default-general-exception-handler.o)
 .debug_aranges
                0x00000000000000c0       0x20 /Applications/microchip/xc32/v4.10/bin/bin/../../lib/gcc/pic32mx/8.3.1/../../../../pic32mx/lib/libpic32.a(defaultinterrupt.o)
 .debug_aranges
                0x00000000000000e0       0x28 /Applications/microchip/xc32/v4.10/bin/bin/../../lib/gcc/pic32mx/8.3.1/../../../../pic32mx/lib/libc-musl.a(rand.o)
 .debug_aranges
                0x0000000000000108       0x28 /Applications/microchip/xc32/v4.10/bin/bin/../../lib/gcc/pic32mx/8.3.1/../../../../pic32mx/lib/libc-musl.a(__sio_printf_f.o)
 .debug_aranges
                0x0000000000000130       0x20 /Applications/microchip/xc32/v4.10/bin/bin/../../lib/gcc/pic32mx/8.3.1/../../../../pic32mx/lib/libc-musl.a(__fmt_fp.o)
 .debug_aranges
                0x0000000000000150       0x50 /Applications/microchip/xc32/v4.10/bin/bin/../../lib/gcc/pic32mx/8.3.1/../../../../pic32mx/lib/libc-musl.a(__printf_core.o)
 .debug_aranges
                0x00000000000001a0       0x28 /Applications/microchip/xc32/v4.10/bin/bin/../../lib/gcc/pic32mx/8.3.1/../../../../pic32mx/lib/libc-musl.a(stdout.o)
 .debug_aranges
                0x00000000000001c8       0x20 /Applications/microchip/xc32/v4.10/bin/bin/../../lib/gcc/pic32mx/8.3.1/../../../../pic32mx/lib/libc-musl.a(putchar.o)
 .debug_aranges
                0x00000000000001e8       0x20 /Applications/microchip/xc32/v4.10/bin/bin/../../lib/gcc/pic32mx/8.3.1/../../../../pic32mx/lib/libc-musl.a(puts.o)
 .debug_aranges
                0x0000000000000208       0x20 /Applications/microchip/xc32/v4.10/bin/bin/../../lib/gcc/pic32mx/8.3.1/../../../../pic32mx/lib/libc-musl.a(atoi.o)
 .debug_aranges
                0x0000000000000228       0x20 /Applications/microchip/xc32/v4.10/bin/bin/../../lib/gcc/pic32mx/8.3.1/../../../../pic32mx/lib/libc-musl.a(memcpy.o)
 .debug_aranges
                0x0000000000000248       0x20 /Applications/microchip/xc32/v4.10/bin/bin/../../lib/gcc/pic32mx/8.3.1/../../../../pic32mx/lib/libc-musl.a(memset.o)
 .debug_aranges
                0x0000000000000268       0x20 /Applications/microchip/xc32/v4.10/bin/bin/../../lib/gcc/pic32mx/8.3.1/../../../../pic32mx/lib/libc-musl.a(strlen.o)
 .debug_aranges
                0x0000000000000288       0x20 /Applications/microchip/xc32/v4.10/bin/bin/../../lib/gcc/pic32mx/8.3.1/../../../../pic32mx/lib/libc-musl.a(strcpy.o)
 .debug_aranges
                0x00000000000002a8       0x28 /Applications/microchip/xc32/v4.10/bin/bin/../../lib/gcc/pic32mx/8.3.1/../../../../pic32mx/lib/libc-musl.a(tolower.o)
 .debug_aranges
                0x00000000000002d0       0x20 /Applications/microchip/xc32/v4.10/bin/bin/../../lib/gcc/pic32mx/8.3.1/../../../../pic32mx/lib/libc-musl.a(__int_vfprintf.o)
 .debug_aranges
                0x00000000000002f0       0x20 /Applications/microchip/xc32/v4.10/bin/bin/../../lib/gcc/pic32mx/8.3.1/../../../../pic32mx/lib/libc-musl.a(fputs.o)
 .debug_aranges
                0x0000000000000310       0x30 /Applications/microchip/xc32/v4.10/bin/bin/../../lib/gcc/pic32mx/8.3.1/../../../../pic32mx/lib/libc-musl.a(__fopen.o)
 .debug_aranges
                0x0000000000000340       0x28 /Applications/microchip/xc32/v4.10/bin/bin/../../lib/gcc/pic32mx/8.3.1/../../../../pic32mx/lib/libc-musl.a(__io_init_needed.o)
 .debug_aranges
                0x0000000000000368       0x28 /Applications/microchip/xc32/v4.10/bin/bin/../../lib/gcc/pic32mx/8.3.1/../../../../pic32mx/lib/libc-musl.a(__out.o)
 .debug_aranges
                0x0000000000000390       0x20 /Applications/microchip/xc32/v4.10/bin/bin/../../lib/gcc/pic32mx/8.3.1/../../../../pic32mx/lib/libc-musl.a(__pop_float.o)
 .debug_aranges
                0x00000000000003b0       0x20 /Applications/microchip/xc32/v4.10/bin/bin/../../lib/gcc/pic32mx/8.3.1/../../../../pic32mx/lib/libc-musl.a(__pop_int.o)
 .debug_aranges
                0x00000000000003d0       0x20 /Applications/microchip/xc32/v4.10/bin/bin/../../lib/gcc/pic32mx/8.3.1/../../../../pic32mx/lib/libc-musl.a(__pop_ptr.o)
 .debug_aranges
                0x00000000000003f0       0x28 /Applications/microchip/xc32/v4.10/bin/bin/../../lib/gcc/pic32mx/8.3.1/../../../../pic32mx/lib/libc-musl.a(__stdio_close.o)
 .debug_aranges
                0x0000000000000418       0x28 /Applications/microchip/xc32/v4.10/bin/bin/../../lib/gcc/pic32mx/8.3.1/../../../../pic32mx/lib/libc-musl.a(fwrite.o)
 .debug_aranges
                0x0000000000000440       0x30 /Applications/microchip/xc32/v4.10/bin/bin/../../lib/gcc/pic32mx/8.3.1/../../../../pic32mx/lib/libc-musl.a(putc.o)
 .debug_aranges
                0x0000000000000470       0x20 /Applications/microchip/xc32/v4.10/bin/bin/../../lib/gcc/pic32mx/8.3.1/../../../../pic32mx/lib/libc-musl.a(stpcpy.o)
 .debug_aranges
                0x0000000000000490       0x70 /Applications/microchip/xc32/v4.10/bin/bin/../../lib/gcc/pic32mx/8.3.1/../../../../pic32mx/lib/libc-musl.a(malloc.o)
 .debug_aranges
                0x0000000000000500       0x20 /Applications/microchip/xc32/v4.10/bin/bin/../../lib/gcc/pic32mx/8.3.1/../../../../pic32mx/lib/libc-musl.a(expand_heap.o)
 .debug_aranges
                0x0000000000000520       0x28 /Applications/microchip/xc32/v4.10/bin/bin/../../lib/gcc/pic32mx/8.3.1/../../../../pic32mx/lib/libc-musl.a(__init_stdio.o)
 .debug_aranges
                0x0000000000000548       0x20 /Applications/microchip/xc32/v4.10/bin/bin/../../lib/gcc/pic32mx/8.3.1/../../../../pic32mx/lib/libc-musl.a(__io_file_needed.o)
 .debug_aranges
                0x0000000000000568       0x18 /Applications/microchip/xc32/v4.10/bin/bin/../../lib/gcc/pic32mx/8.3.1/../../../../pic32mx/lib/libc-musl.a(libc.o)
 .debug_aranges
                0x0000000000000580       0x30 /Applications/microchip/xc32/v4.10/bin/bin/../../lib/gcc/pic32mx/8.3.1/../../../../pic32mx/lib/libm-musl.a(fma.o)
 .debug_aranges
                0x00000000000005b0       0x20 /Applications/microchip/xc32/v4.10/bin/bin/../../lib/gcc/pic32mx/8.3.1/../../../../pic32mx/lib/libm-musl.a(scalbn.o)
 .debug_aranges
                0x00000000000005d0       0x20 /Applications/microchip/xc32/v4.10/bin/bin/../../lib/gcc/pic32mx/8.3.1/libgcc.a(_lshrdi3.o)
 .debug_aranges
                0x00000000000005f0       0x20 /Applications/microchip/xc32/v4.10/bin/bin/../../lib/gcc/pic32mx/8.3.1/libgcc.a(_ashldi3.o)
 .debug_aranges
                0x0000000000000610       0x20 /Applications/microchip/xc32/v4.10/bin/bin/../../lib/gcc/pic32mx/8.3.1/libgcc.a(_floatdidf.o)
 .debug_aranges
                0x0000000000000630       0x20 /Applications/microchip/xc32/v4.10/bin/bin/../../lib/gcc/pic32mx/8.3.1/libgcc.a(floatunsidf.o)
 .debug_aranges
                0x0000000000000650       0x40 /Applications/microchip/xc32/v4.10/bin/bin/../../lib/gcc/pic32mx/8.3.1/../../../../pic32mx/lib/libpic32.a(sbrk.o)
 .debug_aranges
                0x0000000000000690       0x20 /Applications/microchip/xc32/v4.10/bin/bin/../../lib/gcc/pic32mx/8.3.1/../../../../pic32mx/lib/libpic32.a(write.o)
 .debug_aranges
                0x00000000000006b0       0x20 /Applications/microchip/xc32/v4.10/bin/bin/../../lib/gcc/pic32mx/8.3.1/../../../../pic32mx/lib/libpic32.a(lseek.o)
 .debug_aranges
                0x00000000000006d0       0x20 /Applications/microchip/xc32/v4.10/bin/bin/../../lib/gcc/pic32mx/8.3.1/../../../../pic32mx/lib/libpic32.a(close.o)
 .debug_aranges
                0x00000000000006f0       0x20 /Applications/microchip/xc32/v4.10/bin/bin/../../lib/gcc/pic32mx/8.3.1/../../../../pic32mx/lib/libpic32.a(_mon_putc.o)

.debug_pubnames
 *.elf(.debug_pubnames)
 *(.debug_pubnames)

.debug_info     0x0000000000000000     0x6444
 *.elf(.debug_info .gnu.linkonce.wi.*)
 *(.debug_info .gnu.linkonce.wi.*)
 .debug_info    0x0000000000000000      0x7e9 build/default/production/BOARD.o
 .debug_info    0x00000000000007e9      0x100 build/default/production/part2.o
 .debug_info    0x00000000000008e9       0x41 /Applications/microchip/xc32/v4.10/bin/bin/../../lib/gcc/pic32mx/8.3.1/../../../../pic32mx/lib/libpic32.a(default-bootstrap-exception-handler.o)
 .debug_info    0x000000000000092a       0x3f /Applications/microchip/xc32/v4.10/bin/bin/../../lib/gcc/pic32mx/8.3.1/../../../../pic32mx/lib/libpic32.a(default-on-reset.o)
 .debug_info    0x0000000000000969       0x3f /Applications/microchip/xc32/v4.10/bin/bin/../../lib/gcc/pic32mx/8.3.1/../../../../pic32mx/lib/libpic32.a(default-on-bootstrap.o)
 .debug_info    0x00000000000009a8       0x41 /Applications/microchip/xc32/v4.10/bin/bin/../../lib/gcc/pic32mx/8.3.1/../../../../pic32mx/lib/libpic32.a(default-general-exception-handler.o)
 .debug_info    0x00000000000009e9       0x40 /Applications/microchip/xc32/v4.10/bin/bin/../../lib/gcc/pic32mx/8.3.1/../../../../pic32mx/lib/libpic32.a(defaultinterrupt.o)
 .debug_info    0x0000000000000a29       0xd0 /Applications/microchip/xc32/v4.10/bin/bin/../../lib/gcc/pic32mx/8.3.1/../../../../pic32mx/lib/libc-musl.a(rand.o)
 .debug_info    0x0000000000000af9      0x170 /Applications/microchip/xc32/v4.10/bin/bin/../../lib/gcc/pic32mx/8.3.1/../../../../pic32mx/lib/libc-musl.a(__sio_printf_f.o)
 .debug_info    0x0000000000000c69      0x61a /Applications/microchip/xc32/v4.10/bin/bin/../../lib/gcc/pic32mx/8.3.1/../../../../pic32mx/lib/libc-musl.a(__fmt_fp.o)
 .debug_info    0x0000000000001283      0x9ee /Applications/microchip/xc32/v4.10/bin/bin/../../lib/gcc/pic32mx/8.3.1/../../../../pic32mx/lib/libc-musl.a(__printf_core.o)
 .debug_info    0x0000000000001c71      0x3ca /Applications/microchip/xc32/v4.10/bin/bin/../../lib/gcc/pic32mx/8.3.1/../../../../pic32mx/lib/libc-musl.a(stdout.o)
 .debug_info    0x000000000000203b       0xce /Applications/microchip/xc32/v4.10/bin/bin/../../lib/gcc/pic32mx/8.3.1/../../../../pic32mx/lib/libc-musl.a(putchar.o)
 .debug_info    0x0000000000002109      0x3a4 /Applications/microchip/xc32/v4.10/bin/bin/../../lib/gcc/pic32mx/8.3.1/../../../../pic32mx/lib/libc-musl.a(puts.o)
 .debug_info    0x00000000000024ad       0xee /Applications/microchip/xc32/v4.10/bin/bin/../../lib/gcc/pic32mx/8.3.1/../../../../pic32mx/lib/libc-musl.a(atoi.o)
 .debug_info    0x000000000000259b       0xf1 /Applications/microchip/xc32/v4.10/bin/bin/../../lib/gcc/pic32mx/8.3.1/../../../../pic32mx/lib/libc-musl.a(memcpy.o)
 .debug_info    0x000000000000268c       0xba /Applications/microchip/xc32/v4.10/bin/bin/../../lib/gcc/pic32mx/8.3.1/../../../../pic32mx/lib/libc-musl.a(memset.o)
 .debug_info    0x0000000000002746       0xa3 /Applications/microchip/xc32/v4.10/bin/bin/../../lib/gcc/pic32mx/8.3.1/../../../../pic32mx/lib/libc-musl.a(strlen.o)
 .debug_info    0x00000000000027e9       0xbb /Applications/microchip/xc32/v4.10/bin/bin/../../lib/gcc/pic32mx/8.3.1/../../../../pic32mx/lib/libc-musl.a(strcpy.o)
 .debug_info    0x00000000000028a4      0x11b /Applications/microchip/xc32/v4.10/bin/bin/../../lib/gcc/pic32mx/8.3.1/../../../../pic32mx/lib/libc-musl.a(tolower.o)
 .debug_info    0x00000000000029bf      0x1e0 /Applications/microchip/xc32/v4.10/bin/bin/../../lib/gcc/pic32mx/8.3.1/../../../../pic32mx/lib/libc-musl.a(__int_vfprintf.o)
 .debug_info    0x0000000000002b9f      0x3ae /Applications/microchip/xc32/v4.10/bin/bin/../../lib/gcc/pic32mx/8.3.1/../../../../pic32mx/lib/libc-musl.a(fputs.o)
 .debug_info    0x0000000000002f4d      0x2d7 /Applications/microchip/xc32/v4.10/bin/bin/../../lib/gcc/pic32mx/8.3.1/../../../../pic32mx/lib/libc-musl.a(__fopen.o)
 .debug_info    0x0000000000003224       0xdf /Applications/microchip/xc32/v4.10/bin/bin/../../lib/gcc/pic32mx/8.3.1/../../../../pic32mx/lib/libc-musl.a(__io_init_needed.o)
 .debug_info    0x0000000000003303      0x29f /Applications/microchip/xc32/v4.10/bin/bin/../../lib/gcc/pic32mx/8.3.1/../../../../pic32mx/lib/libc-musl.a(__out.o)
 .debug_info    0x00000000000035a2      0x134 /Applications/microchip/xc32/v4.10/bin/bin/../../lib/gcc/pic32mx/8.3.1/../../../../pic32mx/lib/libc-musl.a(__pop_float.o)
 .debug_info    0x00000000000036d6      0x14e /Applications/microchip/xc32/v4.10/bin/bin/../../lib/gcc/pic32mx/8.3.1/../../../../pic32mx/lib/libc-musl.a(__pop_int.o)
 .debug_info    0x0000000000003824      0x15e /Applications/microchip/xc32/v4.10/bin/bin/../../lib/gcc/pic32mx/8.3.1/../../../../pic32mx/lib/libc-musl.a(__pop_ptr.o)
 .debug_info    0x0000000000003982      0x3f4 /Applications/microchip/xc32/v4.10/bin/bin/../../lib/gcc/pic32mx/8.3.1/../../../../pic32mx/lib/libc-musl.a(__stdio_close.o)
 .debug_info    0x0000000000003d76      0x24c /Applications/microchip/xc32/v4.10/bin/bin/../../lib/gcc/pic32mx/8.3.1/../../../../pic32mx/lib/libc-musl.a(fwrite.o)
 .debug_info    0x0000000000003fc2      0x217 /Applications/microchip/xc32/v4.10/bin/bin/../../lib/gcc/pic32mx/8.3.1/../../../../pic32mx/lib/libc-musl.a(putc.o)
 .debug_info    0x00000000000041d9       0xab /Applications/microchip/xc32/v4.10/bin/bin/../../lib/gcc/pic32mx/8.3.1/../../../../pic32mx/lib/libc-musl.a(stpcpy.o)
 .debug_info    0x0000000000004284      0xfed /Applications/microchip/xc32/v4.10/bin/bin/../../lib/gcc/pic32mx/8.3.1/../../../../pic32mx/lib/libc-musl.a(malloc.o)
 .debug_info    0x0000000000005271      0x105 /Applications/microchip/xc32/v4.10/bin/bin/../../lib/gcc/pic32mx/8.3.1/../../../../pic32mx/lib/libc-musl.a(expand_heap.o)
 .debug_info    0x0000000000005376       0xb9 /Applications/microchip/xc32/v4.10/bin/bin/../../lib/gcc/pic32mx/8.3.1/../../../../pic32mx/lib/libc-musl.a(__init_stdio.o)
 .debug_info    0x000000000000542f       0xaf /Applications/microchip/xc32/v4.10/bin/bin/../../lib/gcc/pic32mx/8.3.1/../../../../pic32mx/lib/libc-musl.a(__io_file_needed.o)
 .debug_info    0x00000000000054de      0x276 /Applications/microchip/xc32/v4.10/bin/bin/../../lib/gcc/pic32mx/8.3.1/../../../../pic32mx/lib/libc-musl.a(libc.o)
 .debug_info    0x0000000000005754      0x53f /Applications/microchip/xc32/v4.10/bin/bin/../../lib/gcc/pic32mx/8.3.1/../../../../pic32mx/lib/libm-musl.a(fma.o)
 .debug_info    0x0000000000005c93      0x109 /Applications/microchip/xc32/v4.10/bin/bin/../../lib/gcc/pic32mx/8.3.1/../../../../pic32mx/lib/libm-musl.a(scalbn.o)
 .debug_info    0x0000000000005d9c      0x1aa /Applications/microchip/xc32/v4.10/bin/bin/../../lib/gcc/pic32mx/8.3.1/libgcc.a(_lshrdi3.o)
 .debug_info    0x0000000000005f46      0x1aa /Applications/microchip/xc32/v4.10/bin/bin/../../lib/gcc/pic32mx/8.3.1/libgcc.a(_ashldi3.o)
 .debug_info    0x00000000000060f0       0xf9 /Applications/microchip/xc32/v4.10/bin/bin/../../lib/gcc/pic32mx/8.3.1/libgcc.a(_floatdidf.o)
 .debug_info    0x00000000000061e9       0xaf /Applications/microchip/xc32/v4.10/bin/bin/../../lib/gcc/pic32mx/8.3.1/libgcc.a(floatunsidf.o)
 .debug_info    0x0000000000006298       0xae /Applications/microchip/xc32/v4.10/bin/bin/../../lib/gcc/pic32mx/8.3.1/../../../../pic32mx/lib/libpic32.a(sbrk.o)
 .debug_info    0x0000000000006346       0x40 /Applications/microchip/xc32/v4.10/bin/bin/../../lib/gcc/pic32mx/8.3.1/../../../../pic32mx/lib/libpic32.a(write.o)
 .debug_info    0x0000000000006386       0x3f /Applications/microchip/xc32/v4.10/bin/bin/../../lib/gcc/pic32mx/8.3.1/../../../../pic32mx/lib/libpic32.a(lseek.o)
 .debug_info    0x00000000000063c5       0x3f /Applications/microchip/xc32/v4.10/bin/bin/../../lib/gcc/pic32mx/8.3.1/../../../../pic32mx/lib/libpic32.a(close.o)
 .debug_info    0x0000000000006404       0x40 /Applications/microchip/xc32/v4.10/bin/bin/../../lib/gcc/pic32mx/8.3.1/../../../../pic32mx/lib/libpic32.a(_mon_putc.o)

.debug_abbrev   0x0000000000000000     0x2bf0
 *.elf(.debug_abbrev)
 *(.debug_abbrev)
 .debug_abbrev  0x0000000000000000      0x1cc build/default/production/BOARD.o
 .debug_abbrev  0x00000000000001cc       0x59 build/default/production/part2.o
 .debug_abbrev  0x0000000000000225       0x31 /Applications/microchip/xc32/v4.10/bin/bin/../../lib/gcc/pic32mx/8.3.1/../../../../pic32mx/lib/libpic32.a(default-bootstrap-exception-handler.o)
 .debug_abbrev  0x0000000000000256       0x2e /Applications/microchip/xc32/v4.10/bin/bin/../../lib/gcc/pic32mx/8.3.1/../../../../pic32mx/lib/libpic32.a(default-on-reset.o)
 .debug_abbrev  0x0000000000000284       0x2e /Applications/microchip/xc32/v4.10/bin/bin/../../lib/gcc/pic32mx/8.3.1/../../../../pic32mx/lib/libpic32.a(default-on-bootstrap.o)
 .debug_abbrev  0x00000000000002b2       0x31 /Applications/microchip/xc32/v4.10/bin/bin/../../lib/gcc/pic32mx/8.3.1/../../../../pic32mx/lib/libpic32.a(default-general-exception-handler.o)
 .debug_abbrev  0x00000000000002e3       0x31 /Applications/microchip/xc32/v4.10/bin/bin/../../lib/gcc/pic32mx/8.3.1/../../../../pic32mx/lib/libpic32.a(defaultinterrupt.o)
 .debug_abbrev  0x0000000000000314       0x96 /Applications/microchip/xc32/v4.10/bin/bin/../../lib/gcc/pic32mx/8.3.1/../../../../pic32mx/lib/libc-musl.a(rand.o)
 .debug_abbrev  0x00000000000003aa      0x12b /Applications/microchip/xc32/v4.10/bin/bin/../../lib/gcc/pic32mx/8.3.1/../../../../pic32mx/lib/libc-musl.a(__sio_printf_f.o)
 .debug_abbrev  0x00000000000004d5      0x1e3 /Applications/microchip/xc32/v4.10/bin/bin/../../lib/gcc/pic32mx/8.3.1/../../../../pic32mx/lib/libc-musl.a(__fmt_fp.o)
 .debug_abbrev  0x00000000000006b8      0x318 /Applications/microchip/xc32/v4.10/bin/bin/../../lib/gcc/pic32mx/8.3.1/../../../../pic32mx/lib/libc-musl.a(__printf_core.o)
 .debug_abbrev  0x00000000000009d0      0x17f /Applications/microchip/xc32/v4.10/bin/bin/../../lib/gcc/pic32mx/8.3.1/../../../../pic32mx/lib/libc-musl.a(stdout.o)
 .debug_abbrev  0x0000000000000b4f       0xc4 /Applications/microchip/xc32/v4.10/bin/bin/../../lib/gcc/pic32mx/8.3.1/../../../../pic32mx/lib/libc-musl.a(putchar.o)
 .debug_abbrev  0x0000000000000c13      0x159 /Applications/microchip/xc32/v4.10/bin/bin/../../lib/gcc/pic32mx/8.3.1/../../../../pic32mx/lib/libc-musl.a(puts.o)
 .debug_abbrev  0x0000000000000d6c       0xc4 /Applications/microchip/xc32/v4.10/bin/bin/../../lib/gcc/pic32mx/8.3.1/../../../../pic32mx/lib/libc-musl.a(atoi.o)
 .debug_abbrev  0x0000000000000e30       0xbb /Applications/microchip/xc32/v4.10/bin/bin/../../lib/gcc/pic32mx/8.3.1/../../../../pic32mx/lib/libc-musl.a(memcpy.o)
 .debug_abbrev  0x0000000000000eeb       0xa2 /Applications/microchip/xc32/v4.10/bin/bin/../../lib/gcc/pic32mx/8.3.1/../../../../pic32mx/lib/libc-musl.a(memset.o)
 .debug_abbrev  0x0000000000000f8d       0x91 /Applications/microchip/xc32/v4.10/bin/bin/../../lib/gcc/pic32mx/8.3.1/../../../../pic32mx/lib/libc-musl.a(strlen.o)
 .debug_abbrev  0x000000000000101e       0xa2 /Applications/microchip/xc32/v4.10/bin/bin/../../lib/gcc/pic32mx/8.3.1/../../../../pic32mx/lib/libc-musl.a(strcpy.o)
 .debug_abbrev  0x00000000000010c0       0xf1 /Applications/microchip/xc32/v4.10/bin/bin/../../lib/gcc/pic32mx/8.3.1/../../../../pic32mx/lib/libc-musl.a(tolower.o)
 .debug_abbrev  0x00000000000011b1      0x118 /Applications/microchip/xc32/v4.10/bin/bin/../../lib/gcc/pic32mx/8.3.1/../../../../pic32mx/lib/libc-musl.a(__int_vfprintf.o)
 .debug_abbrev  0x00000000000012c9      0x146 /Applications/microchip/xc32/v4.10/bin/bin/../../lib/gcc/pic32mx/8.3.1/../../../../pic32mx/lib/libc-musl.a(fputs.o)
 .debug_abbrev  0x000000000000140f      0x168 /Applications/microchip/xc32/v4.10/bin/bin/../../lib/gcc/pic32mx/8.3.1/../../../../pic32mx/lib/libc-musl.a(__fopen.o)
 .debug_abbrev  0x0000000000001577       0x81 /Applications/microchip/xc32/v4.10/bin/bin/../../lib/gcc/pic32mx/8.3.1/../../../../pic32mx/lib/libc-musl.a(__io_init_needed.o)
 .debug_abbrev  0x00000000000015f8      0x17a /Applications/microchip/xc32/v4.10/bin/bin/../../lib/gcc/pic32mx/8.3.1/../../../../pic32mx/lib/libc-musl.a(__out.o)
 .debug_abbrev  0x0000000000001772       0xc3 /Applications/microchip/xc32/v4.10/bin/bin/../../lib/gcc/pic32mx/8.3.1/../../../../pic32mx/lib/libc-musl.a(__pop_float.o)
 .debug_abbrev  0x0000000000001835       0xc3 /Applications/microchip/xc32/v4.10/bin/bin/../../lib/gcc/pic32mx/8.3.1/../../../../pic32mx/lib/libc-musl.a(__pop_int.o)
 .debug_abbrev  0x00000000000018f8       0xd7 /Applications/microchip/xc32/v4.10/bin/bin/../../lib/gcc/pic32mx/8.3.1/../../../../pic32mx/lib/libc-musl.a(__pop_ptr.o)
 .debug_abbrev  0x00000000000019cf      0x14f /Applications/microchip/xc32/v4.10/bin/bin/../../lib/gcc/pic32mx/8.3.1/../../../../pic32mx/lib/libc-musl.a(__stdio_close.o)
 .debug_abbrev  0x0000000000001b1e      0x13c /Applications/microchip/xc32/v4.10/bin/bin/../../lib/gcc/pic32mx/8.3.1/../../../../pic32mx/lib/libc-musl.a(fwrite.o)
 .debug_abbrev  0x0000000000001c5a      0x122 /Applications/microchip/xc32/v4.10/bin/bin/../../lib/gcc/pic32mx/8.3.1/../../../../pic32mx/lib/libc-musl.a(putc.o)
 .debug_abbrev  0x0000000000001d7c       0x6e /Applications/microchip/xc32/v4.10/bin/bin/../../lib/gcc/pic32mx/8.3.1/../../../../pic32mx/lib/libc-musl.a(stpcpy.o)
 .debug_abbrev  0x0000000000001dea      0x43a /Applications/microchip/xc32/v4.10/bin/bin/../../lib/gcc/pic32mx/8.3.1/../../../../pic32mx/lib/libc-musl.a(malloc.o)
 .debug_abbrev  0x0000000000002224       0xc4 /Applications/microchip/xc32/v4.10/bin/bin/../../lib/gcc/pic32mx/8.3.1/../../../../pic32mx/lib/libc-musl.a(expand_heap.o)
 .debug_abbrev  0x00000000000022e8       0x65 /Applications/microchip/xc32/v4.10/bin/bin/../../lib/gcc/pic32mx/8.3.1/../../../../pic32mx/lib/libc-musl.a(__init_stdio.o)
 .debug_abbrev  0x000000000000234d       0x67 /Applications/microchip/xc32/v4.10/bin/bin/../../lib/gcc/pic32mx/8.3.1/../../../../pic32mx/lib/libc-musl.a(__io_file_needed.o)
 .debug_abbrev  0x00000000000023b4       0xd4 /Applications/microchip/xc32/v4.10/bin/bin/../../lib/gcc/pic32mx/8.3.1/../../../../pic32mx/lib/libc-musl.a(libc.o)
 .debug_abbrev  0x0000000000002488      0x238 /Applications/microchip/xc32/v4.10/bin/bin/../../lib/gcc/pic32mx/8.3.1/../../../../pic32mx/lib/libm-musl.a(fma.o)
 .debug_abbrev  0x00000000000026c0       0xac /Applications/microchip/xc32/v4.10/bin/bin/../../lib/gcc/pic32mx/8.3.1/../../../../pic32mx/lib/libm-musl.a(scalbn.o)
 .debug_abbrev  0x000000000000276c      0x121 /Applications/microchip/xc32/v4.10/bin/bin/../../lib/gcc/pic32mx/8.3.1/libgcc.a(_lshrdi3.o)
 .debug_abbrev  0x000000000000288d      0x121 /Applications/microchip/xc32/v4.10/bin/bin/../../lib/gcc/pic32mx/8.3.1/libgcc.a(_ashldi3.o)
 .debug_abbrev  0x00000000000029ae       0x7d /Applications/microchip/xc32/v4.10/bin/bin/../../lib/gcc/pic32mx/8.3.1/libgcc.a(_floatdidf.o)
 .debug_abbrev  0x0000000000002a2b       0x7d /Applications/microchip/xc32/v4.10/bin/bin/../../lib/gcc/pic32mx/8.3.1/libgcc.a(floatunsidf.o)
 .debug_abbrev  0x0000000000002aa8       0x90 /Applications/microchip/xc32/v4.10/bin/bin/../../lib/gcc/pic32mx/8.3.1/../../../../pic32mx/lib/libpic32.a(sbrk.o)
 .debug_abbrev  0x0000000000002b38       0x2e /Applications/microchip/xc32/v4.10/bin/bin/../../lib/gcc/pic32mx/8.3.1/../../../../pic32mx/lib/libpic32.a(write.o)
 .debug_abbrev  0x0000000000002b66       0x2e /Applications/microchip/xc32/v4.10/bin/bin/../../lib/gcc/pic32mx/8.3.1/../../../../pic32mx/lib/libpic32.a(lseek.o)
 .debug_abbrev  0x0000000000002b94       0x2e /Applications/microchip/xc32/v4.10/bin/bin/../../lib/gcc/pic32mx/8.3.1/../../../../pic32mx/lib/libpic32.a(close.o)
 .debug_abbrev  0x0000000000002bc2       0x2e /Applications/microchip/xc32/v4.10/bin/bin/../../lib/gcc/pic32mx/8.3.1/../../../../pic32mx/lib/libpic32.a(_mon_putc.o)

.debug_line     0x0000000000000000     0x5f74
 *.elf(.debug_line)
 *(.debug_line)
 .debug_line    0x0000000000000000      0x288 build/default/production/BOARD.o
 .debug_line    0x0000000000000288       0xe0 build/default/production/part2.o
 .debug_line    0x0000000000000368       0xcc /Applications/microchip/xc32/v4.10/bin/bin/../../lib/gcc/pic32mx/8.3.1/../../../../pic32mx/lib/libpic32.a(default-bootstrap-exception-handler.o)
 .debug_line    0x0000000000000434       0xa8 /Applications/microchip/xc32/v4.10/bin/bin/../../lib/gcc/pic32mx/8.3.1/../../../../pic32mx/lib/libpic32.a(default-on-reset.o)
 .debug_line    0x00000000000004dc       0xac /Applications/microchip/xc32/v4.10/bin/bin/../../lib/gcc/pic32mx/8.3.1/../../../../pic32mx/lib/libpic32.a(default-on-bootstrap.o)
 .debug_line    0x0000000000000588        0x0 /Applications/microchip/xc32/v4.10/bin/bin/../../lib/gcc/pic32mx/8.3.1/../../../../pic32mx/lib/libpic32.a(xc32_uart.o)
 .debug_line    0x0000000000000588       0xca /Applications/microchip/xc32/v4.10/bin/bin/../../lib/gcc/pic32mx/8.3.1/../../../../pic32mx/lib/libpic32.a(default-general-exception-handler.o)
 .debug_line    0x0000000000000652       0xcb /Applications/microchip/xc32/v4.10/bin/bin/../../lib/gcc/pic32mx/8.3.1/../../../../pic32mx/lib/libpic32.a(defaultinterrupt.o)
 .debug_line    0x000000000000071d      0x14a /Applications/microchip/xc32/v4.10/bin/bin/../../lib/gcc/pic32mx/8.3.1/../../../../pic32mx/lib/libc-musl.a(rand.o)
 .debug_line    0x0000000000000867      0x26b /Applications/microchip/xc32/v4.10/bin/bin/../../lib/gcc/pic32mx/8.3.1/../../../../pic32mx/lib/libc-musl.a(__sio_printf_f.o)
 .debug_line    0x0000000000000ad2      0x712 /Applications/microchip/xc32/v4.10/bin/bin/../../lib/gcc/pic32mx/8.3.1/../../../../pic32mx/lib/libc-musl.a(__fmt_fp.o)
 .debug_line    0x00000000000011e4      0x710 /Applications/microchip/xc32/v4.10/bin/bin/../../lib/gcc/pic32mx/8.3.1/../../../../pic32mx/lib/libc-musl.a(__printf_core.o)
 .debug_line    0x00000000000018f4      0x25f /Applications/microchip/xc32/v4.10/bin/bin/../../lib/gcc/pic32mx/8.3.1/../../../../pic32mx/lib/libc-musl.a(stdout.o)
 .debug_line    0x0000000000001b53      0x19e /Applications/microchip/xc32/v4.10/bin/bin/../../lib/gcc/pic32mx/8.3.1/../../../../pic32mx/lib/libc-musl.a(putchar.o)
 .debug_line    0x0000000000001cf1      0x23b /Applications/microchip/xc32/v4.10/bin/bin/../../lib/gcc/pic32mx/8.3.1/../../../../pic32mx/lib/libc-musl.a(puts.o)
 .debug_line    0x0000000000001f2c      0x181 /Applications/microchip/xc32/v4.10/bin/bin/../../lib/gcc/pic32mx/8.3.1/../../../../pic32mx/lib/libc-musl.a(atoi.o)
 .debug_line    0x00000000000020ad      0x13e /Applications/microchip/xc32/v4.10/bin/bin/../../lib/gcc/pic32mx/8.3.1/../../../../pic32mx/lib/libc-musl.a(memcpy.o)
 .debug_line    0x00000000000021eb      0x135 /Applications/microchip/xc32/v4.10/bin/bin/../../lib/gcc/pic32mx/8.3.1/../../../../pic32mx/lib/libc-musl.a(memset.o)
 .debug_line    0x0000000000002320      0x133 /Applications/microchip/xc32/v4.10/bin/bin/../../lib/gcc/pic32mx/8.3.1/../../../../pic32mx/lib/libc-musl.a(strlen.o)
 .debug_line    0x0000000000002453       0xb6 /Applications/microchip/xc32/v4.10/bin/bin/../../lib/gcc/pic32mx/8.3.1/../../../../pic32mx/lib/libc-musl.a(strcpy.o)
 .debug_line    0x0000000000002509      0x1c1 /Applications/microchip/xc32/v4.10/bin/bin/../../lib/gcc/pic32mx/8.3.1/../../../../pic32mx/lib/libc-musl.a(tolower.o)
 .debug_line    0x00000000000026ca      0x1c9 /Applications/microchip/xc32/v4.10/bin/bin/../../lib/gcc/pic32mx/8.3.1/../../../../pic32mx/lib/libc-musl.a(__int_vfprintf.o)
 .debug_line    0x0000000000002893      0x2ae /Applications/microchip/xc32/v4.10/bin/bin/../../lib/gcc/pic32mx/8.3.1/../../../../pic32mx/lib/libc-musl.a(fputs.o)
 .debug_line    0x0000000000002b41      0x286 /Applications/microchip/xc32/v4.10/bin/bin/../../lib/gcc/pic32mx/8.3.1/../../../../pic32mx/lib/libc-musl.a(__fopen.o)
 .debug_line    0x0000000000002dc7      0x159 /Applications/microchip/xc32/v4.10/bin/bin/../../lib/gcc/pic32mx/8.3.1/../../../../pic32mx/lib/libc-musl.a(__io_init_needed.o)
 .debug_line    0x0000000000002f20      0x2ae /Applications/microchip/xc32/v4.10/bin/bin/../../lib/gcc/pic32mx/8.3.1/../../../../pic32mx/lib/libc-musl.a(__out.o)
 .debug_line    0x00000000000031ce      0x1bb /Applications/microchip/xc32/v4.10/bin/bin/../../lib/gcc/pic32mx/8.3.1/../../../../pic32mx/lib/libc-musl.a(__pop_float.o)
 .debug_line    0x0000000000003389      0x25a /Applications/microchip/xc32/v4.10/bin/bin/../../lib/gcc/pic32mx/8.3.1/../../../../pic32mx/lib/libc-musl.a(__pop_int.o)
 .debug_line    0x00000000000035e3      0x212 /Applications/microchip/xc32/v4.10/bin/bin/../../lib/gcc/pic32mx/8.3.1/../../../../pic32mx/lib/libc-musl.a(__pop_ptr.o)
 .debug_line    0x00000000000037f5      0x2f0 /Applications/microchip/xc32/v4.10/bin/bin/../../lib/gcc/pic32mx/8.3.1/../../../../pic32mx/lib/libc-musl.a(__stdio_close.o)
 .debug_line    0x0000000000003ae5      0x1ff /Applications/microchip/xc32/v4.10/bin/bin/../../lib/gcc/pic32mx/8.3.1/../../../../pic32mx/lib/libc-musl.a(fwrite.o)
 .debug_line    0x0000000000003ce4      0x210 /Applications/microchip/xc32/v4.10/bin/bin/../../lib/gcc/pic32mx/8.3.1/../../../../pic32mx/lib/libc-musl.a(putc.o)
 .debug_line    0x0000000000003ef4       0xc1 /Applications/microchip/xc32/v4.10/bin/bin/../../lib/gcc/pic32mx/8.3.1/../../../../pic32mx/lib/libc-musl.a(stpcpy.o)
 .debug_line    0x0000000000003fb5      0xb53 /Applications/microchip/xc32/v4.10/bin/bin/../../lib/gcc/pic32mx/8.3.1/../../../../pic32mx/lib/libc-musl.a(malloc.o)
 .debug_line    0x0000000000004b08      0x149 /Applications/microchip/xc32/v4.10/bin/bin/../../lib/gcc/pic32mx/8.3.1/../../../../pic32mx/lib/libc-musl.a(expand_heap.o)
 .debug_line    0x0000000000004c51       0xd2 /Applications/microchip/xc32/v4.10/bin/bin/../../lib/gcc/pic32mx/8.3.1/../../../../pic32mx/lib/libc-musl.a(__init_stdio.o)
 .debug_line    0x0000000000004d23       0xc6 /Applications/microchip/xc32/v4.10/bin/bin/../../lib/gcc/pic32mx/8.3.1/../../../../pic32mx/lib/libc-musl.a(__io_file_needed.o)
 .debug_line    0x0000000000004de9      0x110 /Applications/microchip/xc32/v4.10/bin/bin/../../lib/gcc/pic32mx/8.3.1/../../../../pic32mx/lib/libc-musl.a(libc.o)
 .debug_line    0x0000000000004ef9      0x6cc /Applications/microchip/xc32/v4.10/bin/bin/../../lib/gcc/pic32mx/8.3.1/../../../../pic32mx/lib/libm-musl.a(fma.o)
 .debug_line    0x00000000000055c5      0x187 /Applications/microchip/xc32/v4.10/bin/bin/../../lib/gcc/pic32mx/8.3.1/../../../../pic32mx/lib/libm-musl.a(scalbn.o)
 .debug_line    0x000000000000574c       0xe9 /Applications/microchip/xc32/v4.10/bin/bin/../../lib/gcc/pic32mx/8.3.1/libgcc.a(_lshrdi3.o)
 .debug_line    0x0000000000005835       0xea /Applications/microchip/xc32/v4.10/bin/bin/../../lib/gcc/pic32mx/8.3.1/libgcc.a(_ashldi3.o)
 .debug_line    0x000000000000591f       0xcd /Applications/microchip/xc32/v4.10/bin/bin/../../lib/gcc/pic32mx/8.3.1/libgcc.a(_floatdidf.o)
 .debug_line    0x00000000000059ec       0xc0 /Applications/microchip/xc32/v4.10/bin/bin/../../lib/gcc/pic32mx/8.3.1/libgcc.a(floatunsidf.o)
 .debug_line    0x0000000000005aac      0x1b1 /Applications/microchip/xc32/v4.10/bin/bin/../../lib/gcc/pic32mx/8.3.1/../../../../pic32mx/lib/libpic32.a(sbrk.o)
 .debug_line    0x0000000000005c5d       0xba /Applications/microchip/xc32/v4.10/bin/bin/../../lib/gcc/pic32mx/8.3.1/../../../../pic32mx/lib/libpic32.a(write.o)
 .debug_line    0x0000000000005d17       0x9d /Applications/microchip/xc32/v4.10/bin/bin/../../lib/gcc/pic32mx/8.3.1/../../../../pic32mx/lib/libpic32.a(lseek.o)
 .debug_line    0x0000000000005db4       0x9d /Applications/microchip/xc32/v4.10/bin/bin/../../lib/gcc/pic32mx/8.3.1/../../../../pic32mx/lib/libpic32.a(close.o)
 .debug_line    0x0000000000005e51        0x0 /Applications/microchip/xc32/v4.10/bin/bin/../../lib/gcc/pic32mx/8.3.1/../../../../pic32mx/lib/libpic32.a(errno.o)
 .debug_line    0x0000000000005e51      0x123 /Applications/microchip/xc32/v4.10/bin/bin/../../lib/gcc/pic32mx/8.3.1/../../../../pic32mx/lib/libpic32.a(_mon_putc.o)

.debug_frame    0x0000000000000000      0xc20
 *.elf(.debug_frame)
 *(.debug_frame)
 .debug_frame   0x0000000000000000       0xdc build/default/production/BOARD.o
 .debug_frame   0x00000000000000dc       0x30 build/default/production/part2.o
 .debug_frame   0x000000000000010c       0x2c /Applications/microchip/xc32/v4.10/bin/bin/../../lib/gcc/pic32mx/8.3.1/../../../../pic32mx/lib/libpic32.a(default-bootstrap-exception-handler.o)
 .debug_frame   0x0000000000000138       0x20 /Applications/microchip/xc32/v4.10/bin/bin/../../lib/gcc/pic32mx/8.3.1/../../../../pic32mx/lib/libpic32.a(default-on-reset.o)
 .debug_frame   0x0000000000000158       0x20 /Applications/microchip/xc32/v4.10/bin/bin/../../lib/gcc/pic32mx/8.3.1/../../../../pic32mx/lib/libpic32.a(default-on-bootstrap.o)
 .debug_frame   0x0000000000000178       0x2c /Applications/microchip/xc32/v4.10/bin/bin/../../lib/gcc/pic32mx/8.3.1/../../../../pic32mx/lib/libpic32.a(default-general-exception-handler.o)
 .debug_frame   0x00000000000001a4       0x20 /Applications/microchip/xc32/v4.10/bin/bin/../../lib/gcc/pic32mx/8.3.1/../../../../pic32mx/lib/libpic32.a(defaultinterrupt.o)
 .debug_frame   0x00000000000001c4       0x30 /Applications/microchip/xc32/v4.10/bin/bin/../../lib/gcc/pic32mx/8.3.1/../../../../pic32mx/lib/libc-musl.a(rand.o)
 .debug_frame   0x00000000000001f4       0x48 /Applications/microchip/xc32/v4.10/bin/bin/../../lib/gcc/pic32mx/8.3.1/../../../../pic32mx/lib/libc-musl.a(__sio_printf_f.o)
 .debug_frame   0x000000000000023c       0x44 /Applications/microchip/xc32/v4.10/bin/bin/../../lib/gcc/pic32mx/8.3.1/../../../../pic32mx/lib/libc-musl.a(__fmt_fp.o)
 .debug_frame   0x0000000000000280       0xcc /Applications/microchip/xc32/v4.10/bin/bin/../../lib/gcc/pic32mx/8.3.1/../../../../pic32mx/lib/libc-musl.a(__printf_core.o)
 .debug_frame   0x000000000000034c       0x3c /Applications/microchip/xc32/v4.10/bin/bin/../../lib/gcc/pic32mx/8.3.1/../../../../pic32mx/lib/libc-musl.a(stdout.o)
 .debug_frame   0x0000000000000388       0x2c /Applications/microchip/xc32/v4.10/bin/bin/../../lib/gcc/pic32mx/8.3.1/../../../../pic32mx/lib/libc-musl.a(putchar.o)
 .debug_frame   0x00000000000003b4       0x2c /Applications/microchip/xc32/v4.10/bin/bin/../../lib/gcc/pic32mx/8.3.1/../../../../pic32mx/lib/libc-musl.a(puts.o)
 .debug_frame   0x00000000000003e0       0x20 /Applications/microchip/xc32/v4.10/bin/bin/../../lib/gcc/pic32mx/8.3.1/../../../../pic32mx/lib/libc-musl.a(atoi.o)
 .debug_frame   0x0000000000000400       0x20 /Applications/microchip/xc32/v4.10/bin/bin/../../lib/gcc/pic32mx/8.3.1/../../../../pic32mx/lib/libc-musl.a(memcpy.o)
 .debug_frame   0x0000000000000420       0x20 /Applications/microchip/xc32/v4.10/bin/bin/../../lib/gcc/pic32mx/8.3.1/../../../../pic32mx/lib/libc-musl.a(memset.o)
 .debug_frame   0x0000000000000440       0x20 /Applications/microchip/xc32/v4.10/bin/bin/../../lib/gcc/pic32mx/8.3.1/../../../../pic32mx/lib/libc-musl.a(strlen.o)
 .debug_frame   0x0000000000000460       0x2c /Applications/microchip/xc32/v4.10/bin/bin/../../lib/gcc/pic32mx/8.3.1/../../../../pic32mx/lib/libc-musl.a(strcpy.o)
 .debug_frame   0x000000000000048c       0x3c /Applications/microchip/xc32/v4.10/bin/bin/../../lib/gcc/pic32mx/8.3.1/../../../../pic32mx/lib/libc-musl.a(tolower.o)
 .debug_frame   0x00000000000004c8       0x2c /Applications/microchip/xc32/v4.10/bin/bin/../../lib/gcc/pic32mx/8.3.1/../../../../pic32mx/lib/libc-musl.a(__int_vfprintf.o)
 .debug_frame   0x00000000000004f4       0x30 /Applications/microchip/xc32/v4.10/bin/bin/../../lib/gcc/pic32mx/8.3.1/../../../../pic32mx/lib/libc-musl.a(fputs.o)
 .debug_frame   0x0000000000000524       0x58 /Applications/microchip/xc32/v4.10/bin/bin/../../lib/gcc/pic32mx/8.3.1/../../../../pic32mx/lib/libc-musl.a(__fopen.o)
 .debug_frame   0x000000000000057c       0x48 /Applications/microchip/xc32/v4.10/bin/bin/../../lib/gcc/pic32mx/8.3.1/../../../../pic32mx/lib/libc-musl.a(__io_init_needed.o)
 .debug_frame   0x00000000000005c4       0x50 /Applications/microchip/xc32/v4.10/bin/bin/../../lib/gcc/pic32mx/8.3.1/../../../../pic32mx/lib/libc-musl.a(__out.o)
 .debug_frame   0x0000000000000614       0x20 /Applications/microchip/xc32/v4.10/bin/bin/../../lib/gcc/pic32mx/8.3.1/../../../../pic32mx/lib/libc-musl.a(__pop_float.o)
 .debug_frame   0x0000000000000634       0x20 /Applications/microchip/xc32/v4.10/bin/bin/../../lib/gcc/pic32mx/8.3.1/../../../../pic32mx/lib/libc-musl.a(__pop_int.o)
 .debug_frame   0x0000000000000654       0x20 /Applications/microchip/xc32/v4.10/bin/bin/../../lib/gcc/pic32mx/8.3.1/../../../../pic32mx/lib/libc-musl.a(__pop_ptr.o)
 .debug_frame   0x0000000000000674       0x50 /Applications/microchip/xc32/v4.10/bin/bin/../../lib/gcc/pic32mx/8.3.1/../../../../pic32mx/lib/libc-musl.a(__stdio_close.o)
 .debug_frame   0x00000000000006c4       0x50 /Applications/microchip/xc32/v4.10/bin/bin/../../lib/gcc/pic32mx/8.3.1/../../../../pic32mx/lib/libc-musl.a(fwrite.o)
 .debug_frame   0x0000000000000714       0x64 /Applications/microchip/xc32/v4.10/bin/bin/../../lib/gcc/pic32mx/8.3.1/../../../../pic32mx/lib/libc-musl.a(putc.o)
 .debug_frame   0x0000000000000778       0x20 /Applications/microchip/xc32/v4.10/bin/bin/../../lib/gcc/pic32mx/8.3.1/../../../../pic32mx/lib/libc-musl.a(stpcpy.o)
 .debug_frame   0x0000000000000798      0x168 /Applications/microchip/xc32/v4.10/bin/bin/../../lib/gcc/pic32mx/8.3.1/../../../../pic32mx/lib/libc-musl.a(malloc.o)
 .debug_frame   0x0000000000000900       0x2c /Applications/microchip/xc32/v4.10/bin/bin/../../lib/gcc/pic32mx/8.3.1/../../../../pic32mx/lib/libc-musl.a(expand_heap.o)
 .debug_frame   0x000000000000092c       0x3c /Applications/microchip/xc32/v4.10/bin/bin/../../lib/gcc/pic32mx/8.3.1/../../../../pic32mx/lib/libc-musl.a(__init_stdio.o)
 .debug_frame   0x0000000000000968       0x2c /Applications/microchip/xc32/v4.10/bin/bin/../../lib/gcc/pic32mx/8.3.1/../../../../pic32mx/lib/libc-musl.a(__io_file_needed.o)
 .debug_frame   0x0000000000000994       0x70 /Applications/microchip/xc32/v4.10/bin/bin/../../lib/gcc/pic32mx/8.3.1/../../../../pic32mx/lib/libm-musl.a(fma.o)
 .debug_frame   0x0000000000000a04       0x34 /Applications/microchip/xc32/v4.10/bin/bin/../../lib/gcc/pic32mx/8.3.1/../../../../pic32mx/lib/libm-musl.a(scalbn.o)
 .debug_frame   0x0000000000000a38       0x20 /Applications/microchip/xc32/v4.10/bin/bin/../../lib/gcc/pic32mx/8.3.1/libgcc.a(_lshrdi3.o)
 .debug_frame   0x0000000000000a58       0x20 /Applications/microchip/xc32/v4.10/bin/bin/../../lib/gcc/pic32mx/8.3.1/libgcc.a(_ashldi3.o)
 .debug_frame   0x0000000000000a78       0x34 /Applications/microchip/xc32/v4.10/bin/bin/../../lib/gcc/pic32mx/8.3.1/libgcc.a(_floatdidf.o)
 .debug_frame   0x0000000000000aac       0x2c /Applications/microchip/xc32/v4.10/bin/bin/../../lib/gcc/pic32mx/8.3.1/libgcc.a(floatunsidf.o)
 .debug_frame   0x0000000000000ad8       0x98 /Applications/microchip/xc32/v4.10/bin/bin/../../lib/gcc/pic32mx/8.3.1/../../../../pic32mx/lib/libpic32.a(sbrk.o)
 .debug_frame   0x0000000000000b70       0x34 /Applications/microchip/xc32/v4.10/bin/bin/../../lib/gcc/pic32mx/8.3.1/../../../../pic32mx/lib/libpic32.a(write.o)
 .debug_frame   0x0000000000000ba4       0x20 /Applications/microchip/xc32/v4.10/bin/bin/../../lib/gcc/pic32mx/8.3.1/../../../../pic32mx/lib/libpic32.a(lseek.o)
 .debug_frame   0x0000000000000bc4       0x20 /Applications/microchip/xc32/v4.10/bin/bin/../../lib/gcc/pic32mx/8.3.1/../../../../pic32mx/lib/libpic32.a(close.o)
 .debug_frame   0x0000000000000be4       0x3c /Applications/microchip/xc32/v4.10/bin/bin/../../lib/gcc/pic32mx/8.3.1/../../../../pic32mx/lib/libpic32.a(_mon_putc.o)

.debug_str      0x0000000000000000     0xb6a1
 *.elf(.debug_str)
 *(.debug_str)
 .debug_str     0x0000000000000000      0x55c build/default/production/BOARD.o
 .debug_str     0x000000000000055c      0x2d3 build/default/production/part2.o
 .debug_str     0x000000000000082f      0x379 /Applications/microchip/xc32/v4.10/bin/bin/../../lib/gcc/pic32mx/8.3.1/../../../../pic32mx/lib/libpic32.a(default-bootstrap-exception-handler.o)
 .debug_str     0x0000000000000ba8      0x353 /Applications/microchip/xc32/v4.10/bin/bin/../../lib/gcc/pic32mx/8.3.1/../../../../pic32mx/lib/libpic32.a(default-on-reset.o)
 .debug_str     0x0000000000000efb      0x35b /Applications/microchip/xc32/v4.10/bin/bin/../../lib/gcc/pic32mx/8.3.1/../../../../pic32mx/lib/libpic32.a(default-on-bootstrap.o)
 .debug_str     0x0000000000001256      0x342 /Applications/microchip/xc32/v4.10/bin/bin/../../lib/gcc/pic32mx/8.3.1/../../../../pic32mx/lib/libpic32.a(xc32_uart.o)